Archive member included to satisfy reference by file (symbol)

C:/ST/STM32CubeIDE_1.16.1/STM32CubeIDE/plugins/com.st.stm32cube.ide.mcu.externaltools.gnu-tools-for-stm32.12.3.rel1.win32_1.0.200.202406191623/tools/bin/../lib/gcc/arm-none-eabi/12.3.1/../../../../arm-none-eabi/lib/thumb/v7e-m+fp/hard\libc_nano.a(libc_a-exit.o)
                              C:/ST/STM32CubeIDE_1.16.1/STM32CubeIDE/plugins/com.st.stm32cube.ide.mcu.externaltools.gnu-tools-for-stm32.12.3.rel1.win32_1.0.200.202406191623/tools/bin/../lib/gcc/arm-none-eabi/12.3.1/../../../../arm-none-eabi/lib/thumb/v7e-m+fp/hard/crt0.o (exit)
C:/ST/STM32CubeIDE_1.16.1/STM32CubeIDE/plugins/com.st.stm32cube.ide.mcu.externaltools.gnu-tools-for-stm32.12.3.rel1.win32_1.0.200.202406191623/tools/bin/../lib/gcc/arm-none-eabi/12.3.1/../../../../arm-none-eabi/lib/thumb/v7e-m+fp/hard\libc_nano.a(libc_a-findfp.o)
                              C:/ST/STM32CubeIDE_1.16.1/STM32CubeIDE/plugins/com.st.stm32cube.ide.mcu.externaltools.gnu-tools-for-stm32.12.3.rel1.win32_1.0.200.202406191623/tools/bin/../lib/gcc/arm-none-eabi/12.3.1/../../../../arm-none-eabi/lib/thumb/v7e-m+fp/hard\libc_nano.a(libc_a-exit.o) (__stdio_exit_handler)
C:/ST/STM32CubeIDE_1.16.1/STM32CubeIDE/plugins/com.st.stm32cube.ide.mcu.externaltools.gnu-tools-for-stm32.12.3.rel1.win32_1.0.200.202406191623/tools/bin/../lib/gcc/arm-none-eabi/12.3.1/../../../../arm-none-eabi/lib/thumb/v7e-m+fp/hard\libc_nano.a(libc_a-fwalk.o)
                              C:/ST/STM32CubeIDE_1.16.1/STM32CubeIDE/plugins/com.st.stm32cube.ide.mcu.externaltools.gnu-tools-for-stm32.12.3.rel1.win32_1.0.200.202406191623/tools/bin/../lib/gcc/arm-none-eabi/12.3.1/../../../../arm-none-eabi/lib/thumb/v7e-m+fp/hard\libc_nano.a(libc_a-findfp.o) (_fwalk_sglue)
C:/ST/STM32CubeIDE_1.16.1/STM32CubeIDE/plugins/com.st.stm32cube.ide.mcu.externaltools.gnu-tools-for-stm32.12.3.rel1.win32_1.0.200.202406191623/tools/bin/../lib/gcc/arm-none-eabi/12.3.1/../../../../arm-none-eabi/lib/thumb/v7e-m+fp/hard\libc_nano.a(libc_a-printf.o)
                              ./Core/Src/user.o (printf)
C:/ST/STM32CubeIDE_1.16.1/STM32CubeIDE/plugins/com.st.stm32cube.ide.mcu.externaltools.gnu-tools-for-stm32.12.3.rel1.win32_1.0.200.202406191623/tools/bin/../lib/gcc/arm-none-eabi/12.3.1/../../../../arm-none-eabi/lib/thumb/v7e-m+fp/hard\libc_nano.a(libc_a-puts.o)
                              ./Core/Src/user.o (puts)
C:/ST/STM32CubeIDE_1.16.1/STM32CubeIDE/plugins/com.st.stm32cube.ide.mcu.externaltools.gnu-tools-for-stm32.12.3.rel1.win32_1.0.200.202406191623/tools/bin/../lib/gcc/arm-none-eabi/12.3.1/../../../../arm-none-eabi/lib/thumb/v7e-m+fp/hard\libc_nano.a(libc_a-stdio.o)
                              C:/ST/STM32CubeIDE_1.16.1/STM32CubeIDE/plugins/com.st.stm32cube.ide.mcu.externaltools.gnu-tools-for-stm32.12.3.rel1.win32_1.0.200.202406191623/tools/bin/../lib/gcc/arm-none-eabi/12.3.1/../../../../arm-none-eabi/lib/thumb/v7e-m+fp/hard\libc_nano.a(libc_a-findfp.o) (__sread)
C:/ST/STM32CubeIDE_1.16.1/STM32CubeIDE/plugins/com.st.stm32cube.ide.mcu.externaltools.gnu-tools-for-stm32.12.3.rel1.win32_1.0.200.202406191623/tools/bin/../lib/gcc/arm-none-eabi/12.3.1/../../../../arm-none-eabi/lib/thumb/v7e-m+fp/hard\libc_nano.a(libc_a-wbuf.o)
                              C:/ST/STM32CubeIDE_1.16.1/STM32CubeIDE/plugins/com.st.stm32cube.ide.mcu.externaltools.gnu-tools-for-stm32.12.3.rel1.win32_1.0.200.202406191623/tools/bin/../lib/gcc/arm-none-eabi/12.3.1/../../../../arm-none-eabi/lib/thumb/v7e-m+fp/hard\libc_nano.a(libc_a-puts.o) (__swbuf_r)
C:/ST/STM32CubeIDE_1.16.1/STM32CubeIDE/plugins/com.st.stm32cube.ide.mcu.externaltools.gnu-tools-for-stm32.12.3.rel1.win32_1.0.200.202406191623/tools/bin/../lib/gcc/arm-none-eabi/12.3.1/../../../../arm-none-eabi/lib/thumb/v7e-m+fp/hard\libc_nano.a(libc_a-wsetup.o)
                              C:/ST/STM32CubeIDE_1.16.1/STM32CubeIDE/plugins/com.st.stm32cube.ide.mcu.externaltools.gnu-tools-for-stm32.12.3.rel1.win32_1.0.200.202406191623/tools/bin/../lib/gcc/arm-none-eabi/12.3.1/../../../../arm-none-eabi/lib/thumb/v7e-m+fp/hard\libc_nano.a(libc_a-puts.o) (__swsetup_r)
C:/ST/STM32CubeIDE_1.16.1/STM32CubeIDE/plugins/com.st.stm32cube.ide.mcu.externaltools.gnu-tools-for-stm32.12.3.rel1.win32_1.0.200.202406191623/tools/bin/../lib/gcc/arm-none-eabi/12.3.1/../../../../arm-none-eabi/lib/thumb/v7e-m+fp/hard\libc_nano.a(libc_a-memset.o)
                              C:/ST/STM32CubeIDE_1.16.1/STM32CubeIDE/plugins/com.st.stm32cube.ide.mcu.externaltools.gnu-tools-for-stm32.12.3.rel1.win32_1.0.200.202406191623/tools/bin/../lib/gcc/arm-none-eabi/12.3.1/../../../../arm-none-eabi/lib/thumb/v7e-m+fp/hard/crt0.o (memset)
C:/ST/STM32CubeIDE_1.16.1/STM32CubeIDE/plugins/com.st.stm32cube.ide.mcu.externaltools.gnu-tools-for-stm32.12.3.rel1.win32_1.0.200.202406191623/tools/bin/../lib/gcc/arm-none-eabi/12.3.1/../../../../arm-none-eabi/lib/thumb/v7e-m+fp/hard\libc_nano.a(libc_a-closer.o)
[...]
Memory Configuration

Name             Origin             Length             Attributes
RAM              0x20000000         0x00008000         xrw
FLASH            0x08000000         0x00020000         xr
*default*        0x00000000         0xffffffff

Linker script and memory map

LOAD C:/ST/STM32CubeIDE_1.16.1/STM32CubeIDE/plugins/com.st.stm32cube.ide.mcu.externaltools.gnu-tools-for-stm32.12.3.rel1.win32_1.0.200.202406191623/tools/bin/../lib/gcc/arm-none-eabi/12.3.1/thumb/v7e-m+fp/hard/crti.o
LOAD C:/ST/STM32CubeIDE_1.16.1/STM32CubeIDE/plugins/com.st.stm32cube.ide.mcu.externaltools.gnu-tools-for-stm32.12.3.rel1.win32_1.0.200.202406191623/tools/bin/../lib/gcc/arm-none-eabi/12.3.1/thumb/v7e-m+fp/hard/crtbegin.o
LOAD C:/ST/STM32CubeIDE_1.16.1/STM32CubeIDE/plugins/com.st.stm32cube.ide.mcu.externaltools.gnu-tools-for-stm32.12.3.rel1.win32_1.0.200.202406191623/tools/bin/../lib/gcc/arm-none-eabi/12.3.1/../../../../arm-none-eabi/lib/thumb/v7e-m+fp/hard/crt0.o
LOAD ./Core/Src/IOL_startup.o
LOAD ./Core/Src/dma.o
LOAD ./Core/Src/gpio.o
LOAD ./Core/Src/main.o
LOAD ./Core/Src/queue.o
LOAD ./Core/Src/stm32g4xx_hal_msp.o
LOAD ./Core/Src/stm32g4xx_it.o
LOAD ./Core/Src/syscalls.o
LOAD ./Core/Src/sysmem.o
LOAD ./Core/Src/system_stm32g4xx.o
LOAD ./Core/Src/tim.o
LOAD ./Core/Src/usart.o
LOAD ./Core/Src/user.o
LOAD ./Core/Src/user_uart_proc.o
LOAD ./Core/Startup/startup_stm32g431cbtx.o
LOAD ./Drivers/STM32G4xx_HAL_Driver/Src/stm32g4xx_hal.o
LOAD ./Drivers/STM32G4xx_HAL_Driver/Src/stm32g4xx_hal_cortex.o
LOAD ./Drivers/STM32G4xx_HAL_Driver/Src/stm32g4xx_hal_dma.o
LOAD ./Drivers/STM32G4xx_HAL_Driver/Src/stm32g4xx_hal_dma_ex.o
LOAD ./Drivers/STM32G4xx_HAL_Driver/Src/stm32g4xx_hal_exti.o
LOAD ./Drivers/STM32G4xx_HAL_Driver/Src/stm32g4xx_hal_flash.o
LOAD ./Drivers/STM32G4xx_HAL_Driver/Src/stm32g4xx_hal_flash_ex.o
LOAD ./Drivers/STM32G4xx_HAL_Driver/Src/stm32g4xx_hal_flash_ramfunc.o
LOAD ./Drivers/STM32G4xx_HAL_Driver/Src/stm32g4xx_hal_gpio.o
LOAD ./Drivers/STM32G4xx_HAL_Driver/Src/stm32g4xx_hal_pcd.o
LOAD ./Drivers/STM32G4xx_HAL_Driver/Src/stm32g4xx_hal_pcd_ex.o
LOAD ./Drivers/STM32G4xx_HAL_Driver/Src/stm32g4xx_hal_pwr.o
LOAD ./Drivers/STM32G4xx_HAL_Driver/Src/stm32g4xx_hal_pwr_ex.o
LOAD ./Drivers/STM32G4xx_HAL_Driver/Src/stm32g4xx_hal_rcc.o
LOAD ./Drivers/STM32G4xx_HAL_Driver/Src/stm32g4xx_hal_rcc_ex.o
LOAD ./Drivers/STM32G4xx_HAL_Driver/Src/stm32g4xx_hal_tim.o
LOAD ./Drivers/STM32G4xx_HAL_Driver/Src/stm32g4xx_hal_tim_ex.o
LOAD ./Drivers/STM32G4xx_HAL_Driver/Src/stm32g4xx_hal_uart.o
LOAD ./Drivers/STM32G4xx_HAL_Driver/Src/stm32g4xx_hal_uart_ex.o
LOAD ./Drivers/STM32G4xx_HAL_Driver/Src/stm32g4xx_ll_usb.o
LOAD ./Middlewares/ST/STM32_USB_Device_Library/Class/CDC/Src/usbd_cdc.o
LOAD ./Middlewares/ST/STM32_USB_Device_Library/Core/Src/usbd_core.o
LOAD ./Middlewares/ST/STM32_USB_Device_Library/Core/Src/usbd_ctlreq.o
LOAD ./Middlewares/ST/STM32_USB_Device_Library/Core/Src/usbd_ioreq.o
LOAD ./USB_Device/App/usb_device.o
LOAD ./USB_Device/App/usbd_cdc_if.o
LOAD ./USB_Device/App/usbd_desc.o
LOAD ./USB_Device/Target/usbd_conf.o
START GROUP
LOAD C:/ST/STM32CubeIDE_1.16.1/STM32CubeIDE/plugins/com.st.stm32cube.ide.mcu.externaltools.gnu-tools-for-stm32.12.3.rel1.win32_1.0.200.202406191623/tools/bin/../lib/gcc/arm-none-eabi/12.3.1/../../../../arm-none-eabi/lib/thumb/v7e-m+fp/hard\libc_nano.a
LOAD C:/ST/STM32CubeIDE_1.16.1/STM32CubeIDE/plugins/com.st.stm32cube.ide.mcu.externaltools.gnu-tools-for-stm32.12.3.rel1.win32_1.0.200.202406191623/tools/bin/../lib/gcc/arm-none-eabi/12.3.1/../../../../arm-none-eabi/lib/thumb/v7e-m+fp/hard\libm.a
END GROUP
START GROUP
LOAD C:/ST/STM32CubeIDE_1.16.1/STM32CubeIDE/plugins/com.st.stm32cube.ide.mcu.externaltools.gnu-tools-for-stm32.12.3.rel1.win32_1.0.200.202406191623/tools/bin/../lib/gcc/arm-none-eabi/12.3.1/thumb/v7e-m+fp/hard\libgcc.a
LOAD C:/ST/STM32CubeIDE_1.16.1/STM32CubeIDE/plugins/com.st.stm32cube.ide.mcu.externaltools.gnu-tools-for-stm32.12.3.rel1.win32_1.0.200.202406191623/tools/bin/../lib/gcc/arm-none-eabi/12.3.1/../../../../arm-none-eabi/lib/thumb/v7e-m+fp/hard\libc_nano.a
END GROUP
START GROUP
LOAD C:/ST/STM32CubeIDE_1.16.1/STM32CubeIDE/plugins/com.st.stm32cube.ide.mcu.externaltools.gnu-tools-for-stm32.12.3.rel1.win32_1.0.200.202406191623/tools/bin/../lib/gcc/arm-none-eabi/12.3.1/thumb/v7e-m+fp/hard\libgcc.a
LOAD C:/ST/STM32CubeIDE_1.16.1/STM32CubeIDE/plugins/com.st.stm32cube.ide.mcu.externaltools.gnu-tools-for-stm32.12.3.rel1.win32_1.0.200.202406191623/tools/bin/../lib/gcc/arm-none-eabi/12.3.1/../../../../arm-none-eabi/lib/thumb/v7e-m+fp/hard\libc_nano.a
LOAD C:/ST/STM32CubeIDE_1.16.1/STM32CubeIDE/plugins/com.st.stm32cube.ide.mcu.externaltools.gnu-tools-for-stm32.12.3.rel1.win32_1.0.200.202406191623/tools/bin/../lib/gcc/arm-none-eabi/12.3.1/../../../../arm-none-eabi/lib/thumb/v7e-m+fp/hard\libnosys.a
END GROUP
START GROUP
LOAD C:/ST/STM32CubeIDE_1.16.1/STM32CubeIDE/plugins/com.st.stm32cube.ide.mcu.externaltools.gnu-tools-for-stm32.12.3.rel1.win32_1.0.200.202406191623/tools/bin/../lib/gcc/arm-none-eabi/12.3.1/thumb/v7e-m+fp/hard\libgcc.a
LOAD C:/ST/STM32CubeIDE_1.16.1/STM32CubeIDE/plugins/com.st.stm32cube.ide.mcu.externaltools.gnu-tools-for-stm32.12.3.rel1.win32_1.0.200.202406191623/tools/bin/../lib/gcc/arm-none-eabi/12.3.1/../../../../arm-none-eabi/lib/thumb/v7e-m+fp/hard\libc_nano.a
LOAD C:/ST/STM32CubeIDE_1.16.1/STM32CubeIDE/plugins/com.st.stm32cube.ide.mcu.externaltools.gnu-tools-for-stm32.12.3.rel1.win32_1.0.200.202406191623/tools/bin/../lib/gcc/arm-none-eabi/12.3.1/../../../../arm-none-eabi/lib/thumb/v7e-m+fp/hard\libnosys.a
END GROUP
LOAD C:/ST/STM32CubeIDE_1.16.1/STM32CubeIDE/plugins/com.st.stm32cube.ide.mcu.externaltools.gnu-tools-for-stm32.12.3.rel1.win32_1.0.200.202406191623/tools/bin/../lib/gcc/arm-none-eabi/12.3.1/thumb/v7e-m+fp/hard/crtend.o
LOAD C:/ST/STM32CubeIDE_1.16.1/STM32CubeIDE/plugins/com.st.stm32cube.ide.mcu.externaltools.gnu-tools-for-stm32.12.3.rel1.win32_1.0.200.202406191623/tools/bin/../lib/gcc/arm-none-eabi/12.3.1/thumb/v7e-m+fp/hard/crtn.o
                0x20008000                        _estack = (ORIGIN (RAM) + LENGTH (RAM))
                0x00000200                        _Min_Heap_Size = 0x200
                0x00000400                        _Min_Stack_Size = 0x400

.isr_vector     0x08000000      0x1d8
                0x08000000                        . = ALIGN (0x4)
 *(.isr_vector)
 .isr_vector    0x08000000      0x1d8 ./Core/Startup/startup_stm32g431cbtx.o
                0x08000000                g_pfnVectors
                0x080001d8                        . = ALIGN (0x4)

.text           0x080001e0     0xc5ec
                0x080001e0                        . = ALIGN (0x4)
 *(.text)
 .text          0x080001e0       0x40 C:/ST/STM32CubeIDE_1.16.1/STM32CubeIDE/plugins/com.st.stm32cube.ide.mcu.externaltools.gnu-tools-for-stm32.12.3.rel1.win32_1.0.200.202406191623/tools/bin/../lib/gcc/arm-none-eabi/12.3.1/thumb/v7e-m+fp/hard/crtbegin.o
 .text          0x08000220       0xa0 C:/ST/STM32CubeIDE_1.16.1/STM32CubeIDE/plugins/com.st.stm32cube.ide.mcu.externaltools.gnu-tools-for-stm32.12.3.rel1.win32_1.0.200.202406191623/tools/bin/../lib/gcc/arm-none-eabi/12.3.1/../../../../arm-none-eabi/lib/thumb/v7e-m+fp/hard\libc_nano.a(libc_a-memchr.o)
                0x08000220                memchr
 .text          0x080002c0       0x30 C:/ST/STM32CubeIDE_1.16.1/STM32CubeIDE/plugins/com.st.stm32cube.ide.mcu.externaltools.gnu-tools-for-stm32.12.3.rel1.win32_1.0.200.202406191623/tools/bin/../lib/gcc/arm-none-eabi/12.3.1/thumb/v7e-m+fp/hard\libgcc.a(_aeabi_uldivmod.o)
                0x080002c0                __aeabi_uldivmod
 .text          0x080002f0      0x2bc C:/ST/STM32CubeIDE_1.16.1/STM32CubeIDE/plugins/com.st.stm32cube.ide.mcu.externaltools.gnu-tools-for-stm32.12.3.rel1.win32_1.0.200.202406191623/tools/bin/../lib/gcc/arm-none-eabi/12.3.1/thumb/v7e-m+fp/hard\libgcc.a(_udivmoddi4.o)
                0x080002f0                __udivmoddi4
 .text          0x080005ac        0x4 C:/ST/STM32CubeIDE_1.16.1/STM32CubeIDE/plugins/com.st.stm32cube.ide.mcu.externaltools.gnu-tools-for-stm32.12.3.rel1.win32_1.0.200.202406191623/tools/bin/../lib/gcc/arm-none-eabi/12.3.1/thumb/v7e-m+fp/hard\libgcc.a(_dvmd_tls.o)
                0x080005ac                __aeabi_idiv0
                0x080005ac                __aeabi_ldiv0
 *(.text*)
 .text.MX_DMA_Init
                0x080005b0       0x54 ./Core/Src/dma.o
                0x080005b0                MX_DMA_Init
 .text.MX_GPIO_Init
                0x08000604      0x130 ./Core/Src/gpio.o
                0x08000604                MX_GPIO_Init
 .text.main     0x08000734       0x7c ./Core/Src/main.o
                0x08000734                main
 .text.SystemClock_Config
                0x080007b0       0x96 ./Core/Src/main.o
                0x080007b0                SystemClock_Config
 .text.Error_Handler
                0x08000846        0xc ./Core/Src/main.o
                0x08000846                Error_Handler
 .text.Q_Init   0x08000852       0x3e ./Core/Src/queue.o
                0x08000852                Q_Init
 .text.Q_Write  0x08000890       0xd6 ./Core/Src/queue.o
                0x08000890                Q_Write
 .text.Q_Read   0x08000966       0xdc ./Core/Src/queue.o
                0x08000966                Q_Read
 .text.Q_NumContents
                0x08000a42       0x3a ./Core/Src/queue.o
                0x08000a42                Q_NumContents
 .text.Q_NumEmptyBytes
                0x08000a7c       0x24 ./Core/Src/queue.o
                0x08000a7c                Q_NumEmptyBytes
 .text.HAL_MspInit
                0x08000aa0       0x48 ./Core/Src/stm32g4xx_hal_msp.o
                0x08000aa0                HAL_MspInit
 .text.NMI_Handler
                0x08000ae8        0x8 ./Core/Src/stm32g4xx_it.o
                0x08000ae8                NMI_Handler
 .text.HardFault_Handler
                0x08000af0        0x8 ./Core/Src/stm32g4xx_it.o
                0x08000af0                HardFault_Handler
 .text.MemManage_Handler
                0x08000af8        0x8 ./Core/Src/stm32g4xx_it.o
                0x08000af8                MemManage_Handler
 .text.BusFault_Handler
                0x08000b00        0x8 ./Core/Src/stm32g4xx_it.o
                0x08000b00                BusFault_Handler
 .text.UsageFault_Handler
                0x08000b08        0x8 ./Core/Src/stm32g4xx_it.o
                0x08000b08                UsageFault_Handler
 .text.SVC_Handler
                0x08000b10        0xe ./Core/Src/stm32g4xx_it.o
                0x08000b10                SVC_Handler
 .text.DebugMon_Handler
                0x08000b1e        0xe ./Core/Src/stm32g4xx_it.o
                0x08000b1e                DebugMon_Handler
 .text.PendSV_Handler
                0x08000b2c        0xe ./Core/Src/stm32g4xx_it.o
                0x08000b2c                PendSV_Handler
 .text.SysTick_Handler
                0x08000b3a        0xc ./Core/Src/stm32g4xx_it.o
                0x08000b3a                SysTick_Handler
 *fill*         0x08000b46        0x2 
 .text.DMA1_Channel1_IRQHandler
                0x08000b48       0x14 ./Core/Src/stm32g4xx_it.o
                0x08000b48                DMA1_Channel1_IRQHandler
 .text.USB_LP_IRQHandler
                0x08000b5c       0x14 ./Core/Src/stm32g4xx_it.o
                0x08000b5c                USB_LP_IRQHandler
 .text.EXTI9_5_IRQHandler
                0x08000b70       0x14 ./Core/Src/stm32g4xx_it.o
                0x08000b70                EXTI9_5_IRQHandler
 .text.TIM1_UP_TIM16_IRQHandler
                0x08000b84       0x14 ./Core/Src/stm32g4xx_it.o
                0x08000b84                TIM1_UP_TIM16_IRQHandler
 .text.USART1_IRQHandler
                0x08000b98       0x40 ./Core/Src/stm32g4xx_it.o
                0x08000b98                USART1_IRQHandler
 .text.HAL_TIM_PeriodElapsedCallback
                0x08000bd8       0x88 ./Core/Src/stm32g4xx_it.o
                0x08000bd8                HAL_TIM_PeriodElapsedCallback
 .text.HAL_UARTEx_RxEventCallback
                0x08000c60       0xf0 ./Core/Src/stm32g4xx_it.o
                0x08000c60                HAL_UARTEx_RxEventCallback
 .text.HAL_UART_TxCpltCallback
                0x08000d50       0x2c ./Core/Src/stm32g4xx_it.o
                0x08000d50                HAL_UART_TxCpltCallback
 .text._read    0x08000d7c       0x3a ./Core/Src/syscalls.o
                0x08000d7c                _read
 .text._close   0x08000db6       0x18 ./Core/Src/syscalls.o
                0x08000db6                _close
 .text._fstat   0x08000dce       0x20 ./Core/Src/syscalls.o
                0x08000dce                _fstat
 .text._isatty  0x08000dee       0x16 ./Core/Src/syscalls.o
                0x08000dee                _isatty
 .text._lseek   0x08000e04       0x1a ./Core/Src/syscalls.o
                0x08000e04                _lseek
 *fill*         0x08000e1e        0x2 
 .text._sbrk    0x08000e20       0x6c ./Core/Src/sysmem.o
                0x08000e20                _sbrk
 .text.SystemInit
                0x08000e8c       0x24 ./Core/Src/system_stm32g4xx.o
                0x08000e8c                SystemInit
 .text.MX_TIM1_Init
                0x08000eb0       0xa8 ./Core/Src/tim.o
                0x08000eb0                MX_TIM1_Init
 .text.HAL_TIM_Base_MspInit
                0x08000f58       0x4c ./Core/Src/tim.o
                0x08000f58                HAL_TIM_Base_MspInit
 .text.MX_USART1_UART_Init
                0x08000fa4       0x9c ./Core/Src/usart.o
                0x08000fa4                MX_USART1_UART_Init
 .text.HAL_UART_MspInit
                0x08001040      0x11c ./Core/Src/usart.o
                0x08001040                HAL_UART_MspInit
 .text._write   0x0800115c       0x28 ./Core/Src/user.o
                0x0800115c                _write
 .text.User_Toggle_Led
                0x08001184       0x2c ./Core/Src/user.o
                0x08001184                User_Toggle_Led
 .text.BootMessagePrint
                0x080011b0       0x60 ./Core/Src/user.o
                0x080011b0                BootMessagePrint
 .text.GetClockSourcePrint
                0x08001210       0x84 ./Core/Src/user.o
                0x08001210                GetClockSourcePrint
 .text.Decode_CKS_GetChecksum
                0x08001294      0x124 ./Core/Src/user_uart_proc.o
 .text.IOL_PreOP_ReadWriteCheck
                0x080013b8       0x34 ./Core/Src/user_uart_proc.o
 .text.PreOP_CKS_GetChecksum
                0x080013ec      0x24e ./Core/Src/user_uart_proc.o
 *fill*         0x0800163a        0x2 
 .text.IOL_State_OP
                0x0800163c       0xd0 ./Core/Src/user_uart_proc.o
                0x0800163c                IOL_State_OP
 .text.IOL_State_PreOP
                0x0800170c      0x154 ./Core/Src/user_uart_proc.o
                0x0800170c                IOL_State_PreOP
 .text.IOL_StartUp_Seq_Page
                0x08001860      0x118 ./Core/Src/user_uart_proc.o
                0x08001860                IOL_StartUp_Seq_Page
 .text.Decode_MC_ReadWrite
                0x08001978       0x3a ./Core/Src/user_uart_proc.o
 *fill*         0x080019b2        0x2 
 .text.Print_MC_CommunicationChannel
                0x080019b4       0x58 ./Core/Src/user_uart_proc.o
 .text.Reset_Handler
                0x08001a0c       0x50 ./Core/Startup/startup_stm32g431cbtx.o
                0x08001a0c                Reset_Handler
 .text.Default_Handler
                0x08001a5c        0x2 ./Core/Startup/startup_stm32g431cbtx.o
                0x08001a5c                RTC_Alarm_IRQHandler
                0x08001a5c                EXTI2_IRQHandler
                0x08001a5c                TIM8_TRG_COM_IRQHandler
                0x08001a5c                TIM8_CC_IRQHandler
                0x08001a5c                TIM1_CC_IRQHandler
                0x08001a5c                USB_HP_IRQHandler
                0x08001a5c                CORDIC_IRQHandler
                0x08001a5c                EXTI3_IRQHandler
                0x08001a5c                I2C3_ER_IRQHandler
                0x08001a5c                EXTI0_IRQHandler
                0x08001a5c                I2C2_EV_IRQHandler
                0x08001a5c                FPU_IRQHandler
                0x08001a5c                FDCAN1_IT1_IRQHandler
                0x08001a5c                ADC1_2_IRQHandler
                0x08001a5c                SPI1_IRQHandler
                0x08001a5c                TIM6_DAC_IRQHandler
                0x08001a5c                TIM8_UP_IRQHandler
                0x08001a5c                DMA2_Channel2_IRQHandler
                0x08001a5c                DMA1_Channel4_IRQHandler
                0x08001a5c                USART3_IRQHandler
                0x08001a5c                TIM4_IRQHandler
                0x08001a5c                DMA2_Channel1_IRQHandler
                0x08001a5c                I2C1_EV_IRQHandler
                0x08001a5c                DMA1_Channel6_IRQHandler
                0x08001a5c                UART4_IRQHandler
                0x08001a5c                DMA2_Channel4_IRQHandler
                0x08001a5c                TIM3_IRQHandler
                0x08001a5c                RCC_IRQHandler
                0x08001a5c                Default_Handler
                0x08001a5c                RTC_TAMP_LSECSS_IRQHandler
                0x08001a5c                FMAC_IRQHandler
                0x08001a5c                EXTI15_10_IRQHandler
                0x08001a5c                TIM7_IRQHandler
                0x08001a5c                UCPD1_IRQHandler
                0x08001a5c                I2C3_EV_IRQHandler
                0x08001a5c                RTC_WKUP_IRQHandler
                0x08001a5c                PVD_PVM_IRQHandler
                0x08001a5c                SPI2_IRQHandler
                0x08001a5c                DMA2_Channel5_IRQHandler
                0x08001a5c                CRS_IRQHandler
                0x08001a5c                DMA1_Channel5_IRQHandler
                0x08001a5c                EXTI4_IRQHandler
                0x08001a5c                RNG_IRQHandler
                0x08001a5c                TIM1_TRG_COM_TIM17_IRQHandler
                0x08001a5c                DMA1_Channel3_IRQHandler
                0x08001a5c                WWDG_IRQHandler
                0x08001a5c                LPUART1_IRQHandler
                0x08001a5c                DMA2_Channel6_IRQHandler
                0x08001a5c                FDCAN1_IT0_IRQHandler
                0x08001a5c                TIM2_IRQHandler
                0x08001a5c                COMP1_2_3_IRQHandler
                0x08001a5c                EXTI1_IRQHandler
                0x08001a5c                USART2_IRQHandler
                0x08001a5c                I2C2_ER_IRQHandler
                0x08001a5c                DMA1_Channel2_IRQHandler
                0x08001a5c                TIM8_BRK_IRQHandler
                0x08001a5c                FLASH_IRQHandler
                0x08001a5c                SPI3_IRQHandler
                0x08001a5c                I2C1_ER_IRQHandler
                0x08001a5c                LPTIM1_IRQHandler
                0x08001a5c                DMAMUX_OVR_IRQHandler
                0x08001a5c                USBWakeUp_IRQHandler
                0x08001a5c                SAI1_IRQHandler
                0x08001a5c                DMA2_Channel3_IRQHandler
                0x08001a5c                COMP4_IRQHandler
                0x08001a5c                TIM1_BRK_TIM15_IRQHandler
 .text.HAL_Init
                0x08001a5e       0x30 ./Drivers/STM32G4xx_HAL_Driver/Src/stm32g4xx_hal.o
                0x08001a5e                HAL_Init
 *fill*         0x08001a8e        0x2 
 .text.HAL_InitTick
                0x08001a90       0x74 ./Drivers/STM32G4xx_HAL_Driver/Src/stm32g4xx_hal.o
                0x08001a90                HAL_InitTick
 .text.HAL_IncTick
                0x08001b04       0x24 ./Drivers/STM32G4xx_HAL_Driver/Src/stm32g4xx_hal.o
                0x08001b04                HAL_IncTick
 .text.HAL_GetTick
                0x08001b28       0x18 ./Drivers/STM32G4xx_HAL_Driver/Src/stm32g4xx_hal.o
                0x08001b28                HAL_GetTick
 .text.HAL_Delay
                0x08001b40       0x44 ./Drivers/STM32G4xx_HAL_Driver/Src/stm32g4xx_hal.o
                0x08001b40                HAL_Delay
 .text.__NVIC_SetPriorityGrouping
                0x08001b84       0x48 ./Drivers/STM32G4xx_HAL_Driver/Src/stm32g4xx_hal_cortex.o
 .text.__NVIC_GetPriorityGrouping
                0x08001bcc       0x1c ./Drivers/STM32G4xx_HAL_Driver/Src/stm32g4xx_hal_cortex.o
 .text.__NVIC_EnableIRQ
                0x08001be8       0x3c ./Drivers/STM32G4xx_HAL_Driver/Src/stm32g4xx_hal_cortex.o
 .text.__NVIC_SetPriority
                0x08001c24       0x54 ./Drivers/STM32G4xx_HAL_Driver/Src/stm32g4xx_hal_cortex.o
 .text.NVIC_EncodePriority
                0x08001c78       0x66 ./Drivers/STM32G4xx_HAL_Driver/Src/stm32g4xx_hal_cortex.o
 *fill*         0x08001cde        0x2 
 .text.SysTick_Config
                0x08001ce0       0x44 ./Drivers/STM32G4xx_HAL_Driver/Src/stm32g4xx_hal_cortex.o
 .text.HAL_NVIC_SetPriorityGrouping
                0x08001d24       0x16 ./Drivers/STM32G4xx_HAL_Driver/Src/stm32g4xx_hal_cortex.o
                0x08001d24                HAL_NVIC_SetPriorityGrouping
 .text.HAL_NVIC_SetPriority
                0x08001d3a       0x34 ./Drivers/STM32G4xx_HAL_Driver/Src/stm32g4xx_hal_cortex.o
                0x08001d3a                HAL_NVIC_SetPriority
 .text.HAL_NVIC_EnableIRQ
                0x08001d6e       0x1c ./Drivers/STM32G4xx_HAL_Driver/Src/stm32g4xx_hal_cortex.o
                0x08001d6e                HAL_NVIC_EnableIRQ
 .text.HAL_SYSTICK_Config
                0x08001d8a       0x18 ./Drivers/STM32G4xx_HAL_Driver/Src/stm32g4xx_hal_cortex.o
                0x08001d8a                HAL_SYSTICK_Config
 *fill*         0x08001da2        0x2 
 .text.HAL_DMA_Init
                0x08001da4      0x150 ./Drivers/STM32G4xx_HAL_Driver/Src/stm32g4xx_hal_dma.o
                0x08001da4                HAL_DMA_Init
 .text.HAL_DMA_Start_IT
                0x08001ef4       0xf6 ./Drivers/STM32G4xx_HAL_Driver/Src/stm32g4xx_hal_dma.o
                0x08001ef4                HAL_DMA_Start_IT
 .text.HAL_DMA_Abort
                0x08001fea       0xb2 ./Drivers/STM32G4xx_HAL_Driver/Src/stm32g4xx_hal_dma.o
                0x08001fea                HAL_DMA_Abort
 .text.HAL_DMA_Abort_IT
                0x0800209c       0xce ./Drivers/STM32G4xx_HAL_Driver/Src/stm32g4xx_hal_dma.o
                0x0800209c                HAL_DMA_Abort_IT
 .text.HAL_DMA_IRQHandler
                0x0800216a      0x15e ./Drivers/STM32G4xx_HAL_Driver/Src/stm32g4xx_hal_dma.o
                0x0800216a                HAL_DMA_IRQHandler
 .text.DMA_SetConfig
                0x080022c8       0x7c ./Drivers/STM32G4xx_HAL_Driver/Src/stm32g4xx_hal_dma.o
 .text.DMA_CalcDMAMUXChannelBaseAndMask
                0x08002344       0x7c ./Drivers/STM32G4xx_HAL_Driver/Src/stm32g4xx_hal_dma.o
 .text.DMA_CalcDMAMUXRequestGenBaseAndMask
                0x080023c0       0x48 ./Drivers/STM32G4xx_HAL_Driver/Src/stm32g4xx_hal_dma.o
 .text.HAL_GPIO_Init
                0x08002408      0x304 ./Drivers/STM32G4xx_HAL_Driver/Src/stm32g4xx_hal_gpio.o
                0x08002408                HAL_GPIO_Init
 .text.HAL_GPIO_WritePin
                0x0800270c       0x30 ./Drivers/STM32G4xx_HAL_Driver/Src/stm32g4xx_hal_gpio.o
                0x0800270c                HAL_GPIO_WritePin
 .text.HAL_GPIO_TogglePin
                0x0800273c       0x34 ./Drivers/STM32G4xx_HAL_Driver/Src/stm32g4xx_hal_gpio.o
                0x0800273c                HAL_GPIO_TogglePin
 .text.HAL_GPIO_EXTI_IRQHandler
                0x08002770       0x30 ./Drivers/STM32G4xx_HAL_Driver/Src/stm32g4xx_hal_gpio.o
                0x08002770                HAL_GPIO_EXTI_IRQHandler
 .text.HAL_GPIO_EXTI_Callback
                0x080027a0       0x16 ./Drivers/STM32G4xx_HAL_Driver/Src/stm32g4xx_hal_gpio.o
                0x080027a0                HAL_GPIO_EXTI_Callback
 .text.HAL_PCD_Init
                0x080027b6      0x19c ./Drivers/STM32G4xx_HAL_Driver/Src/stm32g4xx_hal_pcd.o
                0x080027b6                HAL_PCD_Init
 .text.HAL_PCD_Start
                0x08002952       0x44 ./Drivers/STM32G4xx_HAL_Driver/Src/stm32g4xx_hal_pcd.o
                0x08002952                HAL_PCD_Start
 .text.HAL_PCD_IRQHandler
                0x08002996      0x24e ./Drivers/STM32G4xx_HAL_Driver/Src/stm32g4xx_hal_pcd.o
                0x08002996                HAL_PCD_IRQHandler
 .text.HAL_PCD_SetAddress
                0x08002be4       0x48 ./Drivers/STM32G4xx_HAL_Driver/Src/stm32g4xx_hal_pcd.o
                0x08002be4                HAL_PCD_SetAddress
 .text.HAL_PCD_EP_Open
                0x08002c2c       0xbe ./Drivers/STM32G4xx_HAL_Driver/Src/stm32g4xx_hal_pcd.o
                0x08002c2c                HAL_PCD_EP_Open
 .text.HAL_PCD_EP_Close
                0x08002cea       0x90 ./Drivers/STM32G4xx_HAL_Driver/Src/stm32g4xx_hal_pcd.o
                0x08002cea                HAL_PCD_EP_Close
 .text.HAL_PCD_EP_Receive
                0x08002d7a       0x62 ./Drivers/STM32G4xx_HAL_Driver/Src/stm32g4xx_hal_pcd.o
                0x08002d7a                HAL_PCD_EP_Receive
 .text.HAL_PCD_EP_GetRxCount
                0x08002ddc       0x30 ./Drivers/STM32G4xx_HAL_Driver/Src/stm32g4xx_hal_pcd.o
                0x08002ddc                HAL_PCD_EP_GetRxCount
 .text.HAL_PCD_EP_Transmit
                0x08002e0c       0x6e ./Drivers/STM32G4xx_HAL_Driver/Src/stm32g4xx_hal_pcd.o
                0x08002e0c                HAL_PCD_EP_Transmit
 .text.HAL_PCD_EP_SetStall
                0x08002e7a       0xa4 ./Drivers/STM32G4xx_HAL_Driver/Src/stm32g4xx_hal_pcd.o
                0x08002e7a                HAL_PCD_EP_SetStall
 .text.HAL_PCD_EP_ClrStall
                0x08002f1e       0xa8 ./Drivers/STM32G4xx_HAL_Driver/Src/stm32g4xx_hal_pcd.o
                0x08002f1e                HAL_PCD_EP_ClrStall
 .text.PCD_EP_ISR_Handler
                0x08002fc6      0x68e ./Drivers/STM32G4xx_HAL_Driver/Src/stm32g4xx_hal_pcd.o
 .text.HAL_PCD_EP_DB_Receive
                0x08003654      0x212 ./Drivers/STM32G4xx_HAL_Driver/Src/stm32g4xx_hal_pcd.o
 .text.HAL_PCD_EP_DB_Transmit
                0x08003866      0x878 ./Drivers/STM32G4xx_HAL_Driver/Src/stm32g4xx_hal_pcd.o
 .text.HAL_PCDEx_PMAConfig
                0x080040de       0x86 ./Drivers/STM32G4xx_HAL_Driver/Src/stm32g4xx_hal_pcd_ex.o
                0x080040de                HAL_PCDEx_PMAConfig
 .text.HAL_PCDEx_ActivateLPM
                0x08004164       0x54 ./Drivers/STM32G4xx_HAL_Driver/Src/stm32g4xx_hal_pcd_ex.o
                0x08004164                HAL_PCDEx_ActivateLPM
 .text.HAL_PWREx_ControlVoltageScaling
                0x080041b8      0x148 ./Drivers/STM32G4xx_HAL_Driver/Src/stm32g4xx_hal_pwr_ex.o
                0x080041b8                HAL_PWREx_ControlVoltageScaling
 .text.HAL_PWREx_DisableUCPDDeadBattery
                0x08004300       0x20 ./Drivers/STM32G4xx_HAL_Driver/Src/stm32g4xx_hal_pwr_ex.o
                0x08004300                HAL_PWREx_DisableUCPDDeadBattery
 .text.HAL_RCC_OscConfig
                0x08004320      0x624 ./Drivers/STM32G4xx_HAL_Driver/Src/stm32g4xx_hal_rcc.o
                0x08004320                HAL_RCC_OscConfig
 .text.HAL_RCC_ClockConfig
                0x08004944      0x278 ./Drivers/STM32G4xx_HAL_Driver/Src/stm32g4xx_hal_rcc.o
                0x08004944                HAL_RCC_ClockConfig
 .text.HAL_RCC_GetSysClockFreq
                0x08004bbc       0xc4 ./Drivers/STM32G4xx_HAL_Driver/Src/stm32g4xx_hal_rcc.o
                0x08004bbc                HAL_RCC_GetSysClockFreq
 .text.HAL_RCC_GetHCLKFreq
                0x08004c80       0x18 ./Drivers/STM32G4xx_HAL_Driver/Src/stm32g4xx_hal_rcc.o
                0x08004c80                HAL_RCC_GetHCLKFreq
 .text.HAL_RCC_GetPCLK1Freq
                0x08004c98       0x2c ./Drivers/STM32G4xx_HAL_Driver/Src/stm32g4xx_hal_rcc.o
                0x08004c98                HAL_RCC_GetPCLK1Freq
 .text.HAL_RCC_GetPCLK2Freq
                0x08004cc4       0x2c ./Drivers/STM32G4xx_HAL_Driver/Src/stm32g4xx_hal_rcc.o
                0x08004cc4                HAL_RCC_GetPCLK2Freq
 .text.RCC_GetSysClockFreqFromPLLSource
                0x08004cf0       0x8c ./Drivers/STM32G4xx_HAL_Driver/Src/stm32g4xx_hal_rcc.o
 .text.HAL_RCCEx_PeriphCLKConfig
                0x08004d7c      0x3e0 ./Drivers/STM32G4xx_HAL_Driver/Src/stm32g4xx_hal_rcc_ex.o
                0x08004d7c                HAL_RCCEx_PeriphCLKConfig
 .text.HAL_TIM_Base_Init
                0x0800515c       0xae ./Drivers/STM32G4xx_HAL_Driver/Src/stm32g4xx_hal_tim.o
                0x0800515c                HAL_TIM_Base_Init
 *fill*         0x0800520a        0x2 
 .text.HAL_TIM_Base_Start_IT
                0x0800520c       0xd4 ./Drivers/STM32G4xx_HAL_Driver/Src/stm32g4xx_hal_tim.o
                0x0800520c                HAL_TIM_Base_Start_IT
 .text.HAL_TIM_IRQHandler
                0x080052e0      0x29e ./Drivers/STM32G4xx_HAL_Driver/Src/stm32g4xx_hal_tim.o
                0x080052e0                HAL_TIM_IRQHandler
 *fill*         0x0800557e        0x2 
 .text.HAL_TIM_ConfigClockSource
                0x08005580      0x1f4 ./Drivers/STM32G4xx_HAL_Driver/Src/stm32g4xx_hal_tim.o
                0x08005580                HAL_TIM_ConfigClockSource
 .text.HAL_TIM_OC_DelayElapsedCallback
                0x08005774       0x14 ./Drivers/STM32G4xx_HAL_Driver/Src/stm32g4xx_hal_tim.o
                0x08005774                HAL_TIM_OC_DelayElapsedCallback
 .text.HAL_TIM_IC_CaptureCallback
                0x08005788       0x14 ./Drivers/STM32G4xx_HAL_Driver/Src/stm32g4xx_hal_tim.o
                0x08005788                HAL_TIM_IC_CaptureCallback
 .text.HAL_TIM_PWM_PulseFinishedCallback
                0x0800579c       0x14 ./Drivers/STM32G4xx_HAL_Driver/Src/stm32g4xx_hal_tim.o
                0x0800579c                HAL_TIM_PWM_PulseFinishedCallback
 .text.HAL_TIM_TriggerCallback
                0x080057b0       0x14 ./Drivers/STM32G4xx_HAL_Driver/Src/stm32g4xx_hal_tim.o
                0x080057b0                HAL_TIM_TriggerCallback
 .text.TIM_Base_SetConfig
                0x080057c4      0x138 ./Drivers/STM32G4xx_HAL_Driver/Src/stm32g4xx_hal_tim.o
                0x080057c4                TIM_Base_SetConfig
 .text.TIM_TI1_ConfigInputStage
                0x080058fc       0x5e ./Drivers/STM32G4xx_HAL_Driver/Src/stm32g4xx_hal_tim.o
 .text.TIM_TI2_ConfigInputStage
                0x0800595a       0x60 ./Drivers/STM32G4xx_HAL_Driver/Src/stm32g4xx_hal_tim.o
 .text.TIM_ITRx_SetConfig
                0x080059ba       0x3a ./Drivers/STM32G4xx_HAL_Driver/Src/stm32g4xx_hal_tim.o
 .text.TIM_ETR_SetConfig
                0x080059f4       0x40 ./Drivers/STM32G4xx_HAL_Driver/Src/stm32g4xx_hal_tim.o
                0x080059f4                TIM_ETR_SetConfig
 .text.HAL_TIMEx_MasterConfigSynchronization
                0x08005a34      0x104 ./Drivers/STM32G4xx_HAL_Driver/Src/stm32g4xx_hal_tim_ex.o
                0x08005a34                HAL_TIMEx_MasterConfigSynchronization
 .text.HAL_TIMEx_CommutCallback
                0x08005b38       0x14 ./Drivers/STM32G4xx_HAL_Driver/Src/stm32g4xx_hal_tim_ex.o
                0x08005b38                HAL_TIMEx_CommutCallback
 .text.HAL_TIMEx_BreakCallback
                0x08005b4c       0x14 ./Drivers/STM32G4xx_HAL_Driver/Src/stm32g4xx_hal_tim_ex.o
                0x08005b4c                HAL_TIMEx_BreakCallback
 .text.HAL_TIMEx_Break2Callback
                0x08005b60       0x14 ./Drivers/STM32G4xx_HAL_Driver/Src/stm32g4xx_hal_tim_ex.o
                0x08005b60                HAL_TIMEx_Break2Callback
 .text.HAL_TIMEx_EncoderIndexCallback
                0x08005b74       0x14 ./Drivers/STM32G4xx_HAL_Driver/Src/stm32g4xx_hal_tim_ex.o
                0x08005b74                HAL_TIMEx_EncoderIndexCallback
 .text.HAL_TIMEx_DirectionChangeCallback
                0x08005b88       0x14 ./Drivers/STM32G4xx_HAL_Driver/Src/stm32g4xx_hal_tim_ex.o
                0x08005b88                HAL_TIMEx_DirectionChangeCallback
 .text.HAL_TIMEx_IndexErrorCallback
                0x08005b9c       0x14 ./Drivers/STM32G4xx_HAL_Driver/Src/stm32g4xx_hal_tim_ex.o
                0x08005b9c                HAL_TIMEx_IndexErrorCallback
 .text.HAL_TIMEx_TransitionErrorCallback
                0x08005bb0       0x14 ./Drivers/STM32G4xx_HAL_Driver/Src/stm32g4xx_hal_tim_ex.o
                0x08005bb0                HAL_TIMEx_TransitionErrorCallback
 .text.HAL_UART_Init
                0x08005bc4       0xa0 ./Drivers/STM32G4xx_HAL_Driver/Src/stm32g4xx_hal_uart.o
                0x08005bc4                HAL_UART_Init
 .text.HAL_UART_Transmit_IT
                0x08005c64      0x128 ./Drivers/STM32G4xx_HAL_Driver/Src/stm32g4xx_hal_uart.o
                0x08005c64                HAL_UART_Transmit_IT
 .text.HAL_UART_IRQHandler
                0x08005d8c      0x684 ./Drivers/STM32G4xx_HAL_Driver/Src/stm32g4xx_hal_uart.o
                0x08005d8c                HAL_UART_IRQHandler
 .text.HAL_UART_RxCpltCallback
                0x08006410       0x14 ./Drivers/STM32G4xx_HAL_Driver/Src/stm32g4xx_hal_uart.o
                0x08006410                HAL_UART_RxCpltCallback
 .text.HAL_UART_RxHalfCpltCallback
                0x08006424       0x14 ./Drivers/STM32G4xx_HAL_Driver/Src/stm32g4xx_hal_uart.o
                0x08006424                HAL_UART_RxHalfCpltCallback
 .text.HAL_UART_ErrorCallback
                0x08006438       0x14 ./Drivers/STM32G4xx_HAL_Driver/Src/stm32g4xx_hal_uart.o
                0x08006438                HAL_UART_ErrorCallback
 .text.UART_SetConfig
                0x0800644c      0x598 ./Drivers/STM32G4xx_HAL_Driver/Src/stm32g4xx_hal_uart.o
                0x0800644c                UART_SetConfig
 .text.UART_AdvFeatureConfig
                0x080069e4      0x144 ./Drivers/STM32G4xx_HAL_Driver/Src/stm32g4xx_hal_uart.o
                0x080069e4                UART_AdvFeatureConfig
 .text.UART_CheckIdleState
                0x08006b28      0x154 ./Drivers/STM32G4xx_HAL_Driver/Src/stm32g4xx_hal_uart.o
                0x08006b28                UART_CheckIdleState
 .text.UART_WaitOnFlagUntilTimeout
                0x08006c7c       0xda ./Drivers/STM32G4xx_HAL_Driver/Src/stm32g4xx_hal_uart.o
                0x08006c7c                UART_WaitOnFlagUntilTimeout
 *fill*         0x08006d56        0x2 
 .text.UART_Start_Receive_DMA
                0x08006d58      0x14c ./Drivers/STM32G4xx_HAL_Driver/Src/stm32g4xx_hal_uart.o
                0x08006d58                UART_Start_Receive_DMA
 .text.UART_EndTxTransfer
                0x08006ea4       0x82 ./Drivers/STM32G4xx_HAL_Driver/Src/stm32g4xx_hal_uart.o
 .text.UART_EndRxTransfer
                0x08006f26       0xcc ./Drivers/STM32G4xx_HAL_Driver/Src/stm32g4xx_hal_uart.o
 .text.UART_DMAReceiveCplt
                0x08006ff2      0x12c ./Drivers/STM32G4xx_HAL_Driver/Src/stm32g4xx_hal_uart.o
 .text.UART_DMARxHalfCplt
                0x0800711e       0x3e ./Drivers/STM32G4xx_HAL_Driver/Src/stm32g4xx_hal_uart.o
 .text.UART_DMAError
                0x0800715c       0x80 ./Drivers/STM32G4xx_HAL_Driver/Src/stm32g4xx_hal_uart.o
 .text.UART_DMAAbortOnError
                0x080071dc       0x24 ./Drivers/STM32G4xx_HAL_Driver/Src/stm32g4xx_hal_uart.o
 .text.UART_TxISR_8BIT
                0x08007200       0xb8 ./Drivers/STM32G4xx_HAL_Driver/Src/stm32g4xx_hal_uart.o
 .text.UART_TxISR_16BIT
                0x080072b8       0xc2 ./Drivers/STM32G4xx_HAL_Driver/Src/stm32g4xx_hal_uart.o
 .text.UART_TxISR_8BIT_FIFOEN
                0x0800737a       0xe0 ./Drivers/STM32G4xx_HAL_Driver/Src/stm32g4xx_hal_uart.o
 .text.UART_TxISR_16BIT_FIFOEN
                0x0800745a       0xea ./Drivers/STM32G4xx_HAL_Driver/Src/stm32g4xx_hal_uart.o
 .text.UART_EndTransmit_IT
                0x08007544       0x56 ./Drivers/STM32G4xx_HAL_Driver/Src/stm32g4xx_hal_uart.o
 .text.HAL_UARTEx_WakeupCallback
                0x0800759a       0x14 ./Drivers/STM32G4xx_HAL_Driver/Src/stm32g4xx_hal_uart_ex.o
                0x0800759a                HAL_UARTEx_WakeupCallback
 .text.HAL_UARTEx_RxFifoFullCallback
                0x080075ae       0x14 ./Drivers/STM32G4xx_HAL_Driver/Src/stm32g4xx_hal_uart_ex.o
                0x080075ae                HAL_UARTEx_RxFifoFullCallback
 .text.HAL_UARTEx_TxFifoEmptyCallback
                0x080075c2       0x14 ./Drivers/STM32G4xx_HAL_Driver/Src/stm32g4xx_hal_uart_ex.o
                0x080075c2                HAL_UARTEx_TxFifoEmptyCallback
 .text.HAL_UARTEx_DisableFifoMode
                0x080075d6       0x72 ./Drivers/STM32G4xx_HAL_Driver/Src/stm32g4xx_hal_uart_ex.o
                0x080075d6                HAL_UARTEx_DisableFifoMode
 .text.HAL_UARTEx_SetTxFifoThreshold
                0x08007648       0x7c ./Drivers/STM32G4xx_HAL_Driver/Src/stm32g4xx_hal_uart_ex.o
                0x08007648                HAL_UARTEx_SetTxFifoThreshold
 .text.HAL_UARTEx_SetRxFifoThreshold
                0x080076c4       0x7c ./Drivers/STM32G4xx_HAL_Driver/Src/stm32g4xx_hal_uart_ex.o
                0x080076c4                HAL_UARTEx_SetRxFifoThreshold
 .text.HAL_UARTEx_ReceiveToIdle_DMA
                0x08007740       0xa8 ./Drivers/STM32G4xx_HAL_Driver/Src/stm32g4xx_hal_uart_ex.o
                0x08007740                HAL_UARTEx_ReceiveToIdle_DMA
 .text.UARTEx_SetNbDataToProcess
                0x080077e8       0x9c ./Drivers/STM32G4xx_HAL_Driver/Src/stm32g4xx_hal_uart_ex.o
 .text.USB_EnableGlobalInt
                0x08007884       0x2e ./Drivers/STM32G4xx_HAL_Driver/Src/stm32g4xx_ll_usb.o
                0x08007884                USB_EnableGlobalInt
 .text.USB_DisableGlobalInt
                0x080078b2       0x36 ./Drivers/STM32G4xx_HAL_Driver/Src/stm32g4xx_ll_usb.o
                0x080078b2                USB_DisableGlobalInt
 .text.USB_DevInit
                0x080078e8       0x3c ./Drivers/STM32G4xx_HAL_Driver/Src/stm32g4xx_ll_usb.o
                0x080078e8                USB_DevInit
 .text.USB_ActivateEndpoint
                0x08007924      0x9d0 ./Drivers/STM32G4xx_HAL_Driver/Src/stm32g4xx_ll_usb.o
                0x08007924                USB_ActivateEndpoint
 .text.USB_DeactivateEndpoint
                0x080082f4      0x3da ./Drivers/STM32G4xx_HAL_Driver/Src/stm32g4xx_ll_usb.o
                0x080082f4                USB_DeactivateEndpoint
 .text.USB_EPStartXfer
                0x080086ce      0xb5e ./Drivers/STM32G4xx_HAL_Driver/Src/stm32g4xx_ll_usb.o
                0x080086ce                USB_EPStartXfer
 .text.USB_EPSetStall
                0x0800922c       0xa2 ./Drivers/STM32G4xx_HAL_Driver/Src/stm32g4xx_ll_usb.o
                0x0800922c                USB_EPSetStall
 .text.USB_EPClearStall
                0x080092ce      0x152 ./Drivers/STM32G4xx_HAL_Driver/Src/stm32g4xx_ll_usb.o
                0x080092ce                USB_EPClearStall
 .text.USB_SetDevAddress
                0x08009420       0x28 ./Drivers/STM32G4xx_HAL_Driver/Src/stm32g4xx_ll_usb.o
                0x08009420                USB_SetDevAddress
 .text.USB_DevConnect
                0x08009448       0x2e ./Drivers/STM32G4xx_HAL_Driver/Src/stm32g4xx_ll_usb.o
                0x08009448                USB_DevConnect
 .text.USB_ReadInterrupts
                0x08009476       0x20 ./Drivers/STM32G4xx_HAL_Driver/Src/stm32g4xx_ll_usb.o
                0x08009476                USB_ReadInterrupts
 .text.USB_WritePMA
                0x08009496       0x84 ./Drivers/STM32G4xx_HAL_Driver/Src/stm32g4xx_ll_usb.o
                0x08009496                USB_WritePMA
 .text.USB_ReadPMA
                0x0800951a       0x98 ./Drivers/STM32G4xx_HAL_Driver/Src/stm32g4xx_ll_usb.o
                0x0800951a                USB_ReadPMA
 .text.USBD_CDC_Init
                0x080095b2       0xfe ./Middlewares/ST/STM32_USB_Device_Library/Class/CDC/Src/usbd_cdc.o
 .text.USBD_CDC_DeInit
                0x080096b0       0x74 ./Middlewares/ST/STM32_USB_Device_Library/Class/CDC/Src/usbd_cdc.o
 .text.USBD_CDC_Setup
                0x08009724      0x190 ./Middlewares/ST/STM32_USB_Device_Library/Class/CDC/Src/usbd_cdc.o
 .text.USBD_CDC_DataIn
                0x080098b4       0xca ./Middlewares/ST/STM32_USB_Device_Library/Class/CDC/Src/usbd_cdc.o
 .text.USBD_CDC_DataOut
                0x0800997e       0x56 ./Middlewares/ST/STM32_USB_Device_Library/Class/CDC/Src/usbd_cdc.o
 .text.USBD_CDC_EP0_RxReady
                0x080099d4       0x58 ./Middlewares/ST/STM32_USB_Device_Library/Class/CDC/Src/usbd_cdc.o
 .text.USBD_CDC_GetFSCfgDesc
                0x08009a2c       0x20 ./Middlewares/ST/STM32_USB_Device_Library/Class/CDC/Src/usbd_cdc.o
 .text.USBD_CDC_GetHSCfgDesc
                0x08009a4c       0x20 ./Middlewares/ST/STM32_USB_Device_Library/Class/CDC/Src/usbd_cdc.o
 .text.USBD_CDC_GetOtherSpeedCfgDesc
                0x08009a6c       0x20 ./Middlewares/ST/STM32_USB_Device_Library/Class/CDC/Src/usbd_cdc.o
 .text.USBD_CDC_GetDeviceQualifierDescriptor
                0x08009a8c       0x20 ./Middlewares/ST/STM32_USB_Device_Library/Class/CDC/Src/usbd_cdc.o
                0x08009a8c                USBD_CDC_GetDeviceQualifierDescriptor
 .text.USBD_CDC_RegisterInterface
                0x08009aac       0x2a ./Middlewares/ST/STM32_USB_Device_Library/Class/CDC/Src/usbd_cdc.o
                0x08009aac                USBD_CDC_RegisterInterface
 .text.USBD_CDC_SetTxBuffer
                0x08009ad6       0x3c ./Middlewares/ST/STM32_USB_Device_Library/Class/CDC/Src/usbd_cdc.o
                0x08009ad6                USBD_CDC_SetTxBuffer
 .text.USBD_CDC_SetRxBuffer
                0x08009b12       0x32 ./Middlewares/ST/STM32_USB_Device_Library/Class/CDC/Src/usbd_cdc.o
                0x08009b12                USBD_CDC_SetRxBuffer
 .text.USBD_CDC_TransmitPacket
                0x08009b44       0x60 ./Middlewares/ST/STM32_USB_Device_Library/Class/CDC/Src/usbd_cdc.o
                0x08009b44                USBD_CDC_TransmitPacket
 .text.USBD_CDC_ReceivePacket
                0x08009ba4       0x54 ./Middlewares/ST/STM32_USB_Device_Library/Class/CDC/Src/usbd_cdc.o
                0x08009ba4                USBD_CDC_ReceivePacket
 .text.USBD_Init
                0x08009bf8       0x60 ./Middlewares/ST/STM32_USB_Device_Library/Core/Src/usbd_core.o
                0x08009bf8                USBD_Init
 .text.USBD_RegisterClass
                0x08009c58       0x4e ./Middlewares/ST/STM32_USB_Device_Library/Core/Src/usbd_core.o
                0x08009c58                USBD_RegisterClass
 .text.USBD_Start
                0x08009ca6       0x18 ./Middlewares/ST/STM32_USB_Device_Library/Core/Src/usbd_core.o
                0x08009ca6                USBD_Start
 .text.USBD_RunTestMode
                0x08009cbe       0x16 ./Middlewares/ST/STM32_USB_Device_Library/Core/Src/usbd_core.o
                0x08009cbe                USBD_RunTestMode
 .text.USBD_SetClassConfig
                0x08009cd4       0x38 ./Middlewares/ST/STM32_USB_Device_Library/Core/Src/usbd_core.o
                0x08009cd4                USBD_SetClassConfig
 .text.USBD_ClrClassConfig
                0x08009d0c       0x30 ./Middlewares/ST/STM32_USB_Device_Library/Core/Src/usbd_core.o
                0x08009d0c                USBD_ClrClassConfig
 .text.USBD_LL_SetupStage
                0x08009d3c       0xaa ./Middlewares/ST/STM32_USB_Device_Library/Core/Src/usbd_core.o
                0x08009d3c                USBD_LL_SetupStage
 .text.USBD_LL_DataOutStage
                0x08009de6       0xc6 ./Middlewares/ST/STM32_USB_Device_Library/Core/Src/usbd_core.o
                0x08009de6                USBD_LL_DataOutStage
 .text.USBD_LL_DataInStage
                0x08009eac      0x12c ./Middlewares/ST/STM32_USB_Device_Library/Core/Src/usbd_core.o
                0x08009eac                USBD_LL_DataInStage
 .text.USBD_LL_Reset
                0x08009fd8       0x9c ./Middlewares/ST/STM32_USB_Device_Library/Core/Src/usbd_core.o
                0x08009fd8                USBD_LL_Reset
 .text.USBD_LL_SetSpeed
                0x0800a074       0x20 ./Middlewares/ST/STM32_USB_Device_Library/Core/Src/usbd_core.o
                0x0800a074                USBD_LL_SetSpeed
 .text.USBD_LL_Suspend
                0x0800a094       0x2c ./Middlewares/ST/STM32_USB_Device_Library/Core/Src/usbd_core.o
                0x0800a094                USBD_LL_Suspend
 .text.USBD_LL_Resume
                0x0800a0c0       0x30 ./Middlewares/ST/STM32_USB_Device_Library/Core/Src/usbd_core.o
                0x0800a0c0                USBD_LL_Resume
 .text.USBD_LL_SOF
                0x0800a0f0       0x44 ./Middlewares/ST/STM32_USB_Device_Library/Core/Src/usbd_core.o
                0x0800a0f0                USBD_LL_SOF
 .text.SWAPBYTE
                0x0800a134       0x3c ./Middlewares/ST/STM32_USB_Device_Library/Core/Src/usbd_ctlreq.o
 .text.USBD_StdDevReq
                0x0800a170       0xdc ./Middlewares/ST/STM32_USB_Device_Library/Core/Src/usbd_ctlreq.o
                0x0800a170                USBD_StdDevReq
 .text.USBD_StdItfReq
                0x0800a24c       0x92 ./Middlewares/ST/STM32_USB_Device_Library/Core/Src/usbd_ctlreq.o
                0x0800a24c                USBD_StdItfReq
 .text.USBD_StdEPReq
                0x0800a2de      0x2c4 ./Middlewares/ST/STM32_USB_Device_Library/Core/Src/usbd_ctlreq.o
                0x0800a2de                USBD_StdEPReq
 *fill*         0x0800a5a2        0x2 
 .text.USBD_GetDescriptor
                0x0800a5a4      0x328 ./Middlewares/ST/STM32_USB_Device_Library/Core/Src/usbd_ctlreq.o
 .text.USBD_SetAddress
                0x0800a8cc       0x88 ./Middlewares/ST/STM32_USB_Device_Library/Core/Src/usbd_ctlreq.o
 .text.USBD_SetConfig
                0x0800a954      0x14c ./Middlewares/ST/STM32_USB_Device_Library/Core/Src/usbd_ctlreq.o
 .text.USBD_GetConfig
                0x0800aaa0       0x6c ./Middlewares/ST/STM32_USB_Device_Library/Core/Src/usbd_ctlreq.o
 .text.USBD_GetStatus
                0x0800ab0c       0x68 ./Middlewares/ST/STM32_USB_Device_Library/Core/Src/usbd_ctlreq.o
 .text.USBD_SetFeature
                0x0800ab74       0x28 ./Middlewares/ST/STM32_USB_Device_Library/Core/Src/usbd_ctlreq.o
 .text.USBD_ClrFeature
                0x0800ab9c       0x44 ./Middlewares/ST/STM32_USB_Device_Library/Core/Src/usbd_ctlreq.o
 .text.USBD_ParseSetupRequest
                0x0800abe0       0x74 ./Middlewares/ST/STM32_USB_Device_Library/Core/Src/usbd_ctlreq.o
                0x0800abe0                USBD_ParseSetupRequest
 .text.USBD_CtlError
                0x0800ac54       0x22 ./Middlewares/ST/STM32_USB_Device_Library/Core/Src/usbd_ctlreq.o
                0x0800ac54                USBD_CtlError
 .text.USBD_GetString
                0x0800ac76       0x8c ./Middlewares/ST/STM32_USB_Device_Library/Core/Src/usbd_ctlreq.o
                0x0800ac76                USBD_GetString
 .text.USBD_GetLen
                0x0800ad02       0x34 ./Middlewares/ST/STM32_USB_Device_Library/Core/Src/usbd_ctlreq.o
 .text.USBD_CtlSendData
                0x0800ad36       0x36 ./Middlewares/ST/STM32_USB_Device_Library/Core/Src/usbd_ioreq.o
                0x0800ad36                USBD_CtlSendData
 .text.USBD_CtlContinueSendData
                0x0800ad6c       0x22 ./Middlewares/ST/STM32_USB_Device_Library/Core/Src/usbd_ioreq.o
                0x0800ad6c                USBD_CtlContinueSendData
 .text.USBD_CtlPrepareRx
                0x0800ad8e       0x3a ./Middlewares/ST/STM32_USB_Device_Library/Core/Src/usbd_ioreq.o
                0x0800ad8e                USBD_CtlPrepareRx
 .text.USBD_CtlContinueRx
                0x0800adc8       0x22 ./Middlewares/ST/STM32_USB_Device_Library/Core/Src/usbd_ioreq.o
                0x0800adc8                USBD_CtlContinueRx
 .text.USBD_CtlSendStatus
                0x0800adea       0x26 ./Middlewares/ST/STM32_USB_Device_Library/Core/Src/usbd_ioreq.o
                0x0800adea                USBD_CtlSendStatus
 .text.USBD_CtlReceiveStatus
                0x0800ae10       0x26 ./Middlewares/ST/STM32_USB_Device_Library/Core/Src/usbd_ioreq.o
                0x0800ae10                USBD_CtlReceiveStatus
 *fill*         0x0800ae36        0x2 
 .text.MX_USB_Device_Init
                0x0800ae38       0x60 ./USB_Device/App/usb_device.o
                0x0800ae38                MX_USB_Device_Init
 .text.CDC_Init_FS
                0x0800ae98       0x28 ./USB_Device/App/usbd_cdc_if.o
 .text.CDC_DeInit_FS
                0x0800aec0       0x10 ./USB_Device/App/usbd_cdc_if.o
 .text.CDC_Control_FS
                0x0800aed0       0xbc ./USB_Device/App/usbd_cdc_if.o
 .text.CDC_Receive_FS
                0x0800af8c       0x28 ./USB_Device/App/usbd_cdc_if.o
 .text.CDC_Transmit_FS
                0x0800afb4       0x4c ./USB_Device/App/usbd_cdc_if.o
                0x0800afb4                CDC_Transmit_FS
 .text.CDC_TransmitCplt_FS
                0x0800b000       0x22 ./USB_Device/App/usbd_cdc_if.o
 *fill*         0x0800b022        0x2 
 .text.CDC_Transmit_Is_Busy
                0x0800b024       0x30 ./USB_Device/App/usbd_cdc_if.o
                0x0800b024                CDC_Transmit_Is_Busy
 .text.USBD_CDC_DeviceDescriptor
                0x0800b054       0x24 ./USB_Device/App/usbd_desc.o
                0x0800b054                USBD_CDC_DeviceDescriptor
 .text.USBD_CDC_LangIDStrDescriptor
                0x0800b078       0x24 ./USB_Device/App/usbd_desc.o
                0x0800b078                USBD_CDC_LangIDStrDescriptor
 .text.USBD_CDC_ProductStrDescriptor
                0x0800b09c       0x3c ./USB_Device/App/usbd_desc.o
                0x0800b09c                USBD_CDC_ProductStrDescriptor
 .text.USBD_CDC_ManufacturerStrDescriptor
                0x0800b0d8       0x28 ./USB_Device/App/usbd_desc.o
                0x0800b0d8                USBD_CDC_ManufacturerStrDescriptor
 .text.USBD_CDC_SerialStrDescriptor
                0x0800b100       0x24 ./USB_Device/App/usbd_desc.o
                0x0800b100                USBD_CDC_SerialStrDescriptor
 .text.USBD_CDC_ConfigStrDescriptor
                0x0800b124       0x3c ./USB_Device/App/usbd_desc.o
                0x0800b124                USBD_CDC_ConfigStrDescriptor
 .text.USBD_CDC_InterfaceStrDescriptor
                0x0800b160       0x3c ./USB_Device/App/usbd_desc.o
                0x0800b160                USBD_CDC_InterfaceStrDescriptor
 .text.Get_SerialNum
                0x0800b19c       0x58 ./USB_Device/App/usbd_desc.o
 .text.IntToUnicode
                0x0800b1f4       0x7e ./USB_Device/App/usbd_desc.o
 *fill*         0x0800b272        0x2 
 .text.HAL_PCD_MspInit
                0x0800b274       0x78 ./USB_Device/Target/usbd_conf.o
                0x0800b274                HAL_PCD_MspInit
 .text.HAL_PCD_SetupStageCallback
                0x0800b2ec       0x24 ./USB_Device/Target/usbd_conf.o
                0x0800b2ec                HAL_PCD_SetupStageCallback
 .text.HAL_PCD_DataOutStageCallback
                0x0800b310       0x36 ./USB_Device/Target/usbd_conf.o
                0x0800b310                HAL_PCD_DataOutStageCallback
 .text.HAL_PCD_DataInStageCallback
                0x0800b346       0x34 ./USB_Device/Target/usbd_conf.o
                0x0800b346                HAL_PCD_DataInStageCallback
 .text.HAL_PCD_SOFCallback
                0x0800b37a       0x1c ./USB_Device/Target/usbd_conf.o
                0x0800b37a                HAL_PCD_SOFCallback
 .text.HAL_PCD_ResetCallback
                0x0800b396       0x3c ./USB_Device/Target/usbd_conf.o
                0x0800b396                HAL_PCD_ResetCallback
 *fill*         0x0800b3d2        0x2 
 .text.HAL_PCD_SuspendCallback
                0x0800b3d4       0x34 ./USB_Device/Target/usbd_conf.o
                0x0800b3d4                HAL_PCD_SuspendCallback
 .text.HAL_PCD_ResumeCallback
                0x0800b408       0x38 ./USB_Device/Target/usbd_conf.o
                0x0800b408                HAL_PCD_ResumeCallback
 .text.USBD_LL_Init
                0x0800b440       0xc0 ./USB_Device/Target/usbd_conf.o
                0x0800b440                USBD_LL_Init
 .text.USBD_LL_Start
                0x0800b500       0x36 ./USB_Device/Target/usbd_conf.o
                0x0800b500                USBD_LL_Start
 .text.USBD_LL_OpenEP
                0x0800b536       0x4c ./USB_Device/Target/usbd_conf.o
                0x0800b536                USBD_LL_OpenEP
 .text.USBD_LL_CloseEP
                0x0800b582       0x3e ./USB_Device/Target/usbd_conf.o
                0x0800b582                USBD_LL_CloseEP
 .text.USBD_LL_StallEP
                0x0800b5c0       0x3e ./USB_Device/Target/usbd_conf.o
                0x0800b5c0                USBD_LL_StallEP
 .text.USBD_LL_ClearStallEP
                0x0800b5fe       0x3e ./USB_Device/Target/usbd_conf.o
                0x0800b5fe                USBD_LL_ClearStallEP
 .text.USBD_LL_IsStallEP
                0x0800b63c       0x58 ./USB_Device/Target/usbd_conf.o
                0x0800b63c                USBD_LL_IsStallEP
 .text.USBD_LL_SetUSBAddress
                0x0800b694       0x3e ./USB_Device/Target/usbd_conf.o
                0x0800b694                USBD_LL_SetUSBAddress
 .text.USBD_LL_Transmit
                0x0800b6d2       0x42 ./USB_Device/Target/usbd_conf.o
                0x0800b6d2                USBD_LL_Transmit
 .text.USBD_LL_PrepareReceive
                0x0800b714       0x42 ./USB_Device/Target/usbd_conf.o
                0x0800b714                USBD_LL_PrepareReceive
 .text.USBD_LL_GetRxDataSize
                0x0800b756       0x26 ./USB_Device/Target/usbd_conf.o
                0x0800b756                USBD_LL_GetRxDataSize
 .text.HAL_PCDEx_LPM_Callback
                0x0800b77c       0x6c ./USB_Device/Target/usbd_conf.o
                0x0800b77c                HAL_PCDEx_LPM_Callback
 .text.USBD_static_malloc
                0x0800b7e8       0x1c ./USB_Device/Target/usbd_conf.o
                0x0800b7e8                USBD_static_malloc
 .text.USBD_static_free
                0x0800b804       0x14 ./USB_Device/Target/usbd_conf.o
                0x0800b804                USBD_static_free
 .text.SystemClockConfig_Resume
                0x0800b818        0xc ./USB_Device/Target/usbd_conf.o
 .text.USBD_Get_USB_Status
                0x0800b824       0x58 ./USB_Device/Target/usbd_conf.o
 .text.std      0x0800b87c       0x6c C:/ST/STM32CubeIDE_1.16.1/STM32CubeIDE/plugins/com.st.stm32cube.ide.mcu.externaltools.gnu-tools-for-stm32.12.3.rel1.win32_1.0.200.202406191623/tools/bin/../lib/gcc/arm-none-eabi/12.3.1/../../../../arm-none-eabi/lib/thumb/v7e-m+fp/hard\libc_nano.a(libc_a-findfp.o)
 .text.stdio_exit_handler
                0x0800b8e8       0x18 C:/ST/STM32CubeIDE_1.16.1/STM32CubeIDE/plugins/com.st.stm32cube.ide.mcu.externaltools.gnu-tools-for-stm32.12.3.rel1.win32_1.0.200.202406191623/tools/bin/../lib/gcc/arm-none-eabi/12.3.1/../../../../arm-none-eabi/lib/thumb/v7e-m+fp/hard\libc_nano.a(libc_a-findfp.o)
 .text.cleanup_stdio
                0x0800b900       0x40 C:/ST/STM32CubeIDE_1.16.1/STM32CubeIDE/plugins/com.st.stm32cube.ide.mcu.externaltools.gnu-tools-for-stm32.12.3.rel1.win32_1.0.200.202406191623/tools/bin/../lib/gcc/arm-none-eabi/12.3.1/../../../../arm-none-eabi/lib/thumb/v7e-m+fp/hard\libc_nano.a(libc_a-findfp.o)
 .text.global_stdio_init.part.0
                0x0800b940       0x3c C:/ST/STM32CubeIDE_1.16.1/STM32CubeIDE/plugins/com.st.stm32cube.ide.mcu.externaltools.gnu-tools-for-stm32.12.3.rel1.win32_1.0.200.202406191623/tools/bin/../lib/gcc/arm-none-eabi/12.3.1/../../../../arm-none-eabi/lib/thumb/v7e-m+fp/hard\libc_nano.a(libc_a-findfp.o)
 .text.__sfp_lock_acquire
                0x0800b97c        0xc C:/ST/STM32CubeIDE_1.16.1/STM32CubeIDE/plugins/com.st.stm32cube.ide.mcu.externaltools.gnu-tools-for-stm32.12.3.rel1.win32_1.0.200.202406191623/tools/bin/../lib/gcc/arm-none-eabi/12.3.1/../../../../arm-none-eabi/lib/thumb/v7e-m+fp/hard\libc_nano.a(libc_a-findfp.o)
                0x0800b97c                __sfp_lock_acquire
 .text.__sfp_lock_release
                0x0800b988        0xc C:/ST/STM32CubeIDE_1.16.1/STM32CubeIDE/plugins/com.st.stm32cube.ide.mcu.externaltools.gnu-tools-for-stm32.12.3.rel1.win32_1.0.200.202406191623/tools/bin/../lib/gcc/arm-none-eabi/12.3.1/../../../../arm-none-eabi/lib/thumb/v7e-m+fp/hard\libc_nano.a(libc_a-findfp.o)
                0x0800b988                __sfp_lock_release
 .text.__sinit  0x0800b994       0x30 C:/ST/STM32CubeIDE_1.16.1/STM32CubeIDE/plugins/com.st.stm32cube.ide.mcu.externaltools.gnu-tools-for-stm32.12.3.rel1.win32_1.0.200.202406191623/tools/bin/../lib/gcc/arm-none-eabi/12.3.1/../../../../arm-none-eabi/lib/thumb/v7e-m+fp/hard\libc_nano.a(libc_a-findfp.o)
                0x0800b994                __sinit
 .text._fwalk_sglue
                0x0800b9c4       0x3c C:/ST/STM32CubeIDE_1.16.1/STM32CubeIDE/plugins/com.st.stm32cube.ide.mcu.externaltools.gnu-tools-for-stm32.12.3.rel1.win32_1.0.200.202406191623/tools/bin/../lib/gcc/arm-none-eabi/12.3.1/../../../../arm-none-eabi/lib/thumb/v7e-m+fp/hard\libc_nano.a(libc_a-fwalk.o)
                0x0800b9c4                _fwalk_sglue
 .text.printf   0x0800ba00       0x24 C:/ST/STM32CubeIDE_1.16.1/STM32CubeIDE/plugins/com.st.stm32cube.ide.mcu.externaltools.gnu-tools-for-stm32.12.3.rel1.win32_1.0.200.202406191623/tools/bin/../lib/gcc/arm-none-eabi/12.3.1/../../../../arm-none-eabi/lib/thumb/v7e-m+fp/hard\libc_nano.a(libc_a-printf.o)
                0x0800ba00                iprintf
                0x0800ba00                printf
 .text._puts_r  0x0800ba24       0xaa C:/ST/STM32CubeIDE_1.16.1/STM32CubeIDE/plugins/com.st.stm32cube.ide.mcu.externaltools.gnu-tools-for-stm32.12.3.rel1.win32_1.0.200.202406191623/tools/bin/../lib/gcc/arm-none-eabi/12.3.1/../../../../arm-none-eabi/lib/thumb/v7e-m+fp/hard\libc_nano.a(libc_a-puts.o)
                0x0800ba24                _puts_r
 *fill*         0x0800bace        0x2 
 .text.puts     0x0800bad0       0x10 C:/ST/STM32CubeIDE_1.16.1/STM32CubeIDE/plugins/com.st.stm32cube.ide.mcu.externaltools.gnu-tools-for-stm32.12.3.rel1.win32_1.0.200.202406191623/tools/bin/../lib/gcc/arm-none-eabi/12.3.1/../../../../arm-none-eabi/lib/thumb/v7e-m+fp/hard\libc_nano.a(libc_a-puts.o)
                0x0800bad0                puts
 .text.__sread  0x0800bae0       0x22 C:/ST/STM32CubeIDE_1.16.1/STM32CubeIDE/plugins/com.st.stm32cube.ide.mcu.externaltools.gnu-tools-for-stm32.12.3.rel1.win32_1.0.200.202406191623/tools/bin/../lib/gcc/arm-none-eabi/12.3.1/../../../../arm-none-eabi/lib/thumb/v7e-m+fp/hard\libc_nano.a(libc_a-stdio.o)
                0x0800bae0                __sread
 .text.__swrite
                0x0800bb02       0x38 C:/ST/STM32CubeIDE_1.16.1/STM32CubeIDE/plugins/com.st.stm32cube.ide.mcu.externaltools.gnu-tools-for-stm32.12.3.rel1.win32_1.0.200.202406191623/tools/bin/../lib/gcc/arm-none-eabi/12.3.1/../../../../arm-none-eabi/lib/thumb/v7e-m+fp/hard\libc_nano.a(libc_a-stdio.o)
                0x0800bb02                __swrite
 .text.__sseek  0x0800bb3a       0x24 C:/ST/STM32CubeIDE_1.16.1/STM32CubeIDE/plugins/com.st.stm32cube.ide.mcu.externaltools.gnu-tools-for-stm32.12.3.rel1.win32_1.0.200.202406191623/tools/bin/../lib/gcc/arm-none-eabi/12.3.1/../../../../arm-none-eabi/lib/thumb/v7e-m+fp/hard\libc_nano.a(libc_a-stdio.o)
                0x0800bb3a                __sseek
 .text.__sclose
                0x0800bb5e        0x8 C:/ST/STM32CubeIDE_1.16.1/STM32CubeIDE/plugins/com.st.stm32cube.ide.mcu.externaltools.gnu-tools-for-stm32.12.3.rel1.win32_1.0.200.202406191623/tools/bin/../lib/gcc/arm-none-eabi/12.3.1/../../../../arm-none-eabi/lib/thumb/v7e-m+fp/hard\libc_nano.a(libc_a-stdio.o)
                0x0800bb5e                __sclose
 .text.__swbuf_r
                0x0800bb66       0x7c C:/ST/STM32CubeIDE_1.16.1/STM32CubeIDE/plugins/com.st.stm32cube.ide.mcu.externaltools.gnu-tools-for-stm32.12.3.rel1.win32_1.0.200.202406191623/tools/bin/../lib/gcc/arm-none-eabi/12.3.1/../../../../arm-none-eabi/lib/thumb/v7e-m+fp/hard\libc_nano.a(libc_a-wbuf.o)
                0x0800bb66                __swbuf_r
 *fill*         0x0800bbe2        0x2 
 .text.__swsetup_r
                0x0800bbe4       0xac C:/ST/STM32CubeIDE_1.16.1/STM32CubeIDE/plugins/com.st.stm32cube.ide.mcu.externaltools.gnu-tools-for-stm32.12.3.rel1.win32_1.0.200.202406191623/tools/bin/../lib/gcc/arm-none-eabi/12.3.1/../../../../arm-none-eabi/lib/thumb/v7e-m+fp/hard\libc_nano.a(libc_a-wsetup.o)
                0x0800bbe4                __swsetup_r
 .text.memset   0x0800bc90       0x10 C:/ST/STM32CubeIDE_1.16.1/STM32CubeIDE/plugins/com.st.stm32cube.ide.mcu.externaltools.gnu-tools-for-stm32.12.3.rel1.win32_1.0.200.202406191623/tools/bin/../lib/gcc/arm-none-eabi/12.3.1/../../../../arm-none-eabi/lib/thumb/v7e-m+fp/hard\libc_nano.a(libc_a-memset.o)
                0x0800bc90                memset
 .text._close_r
                0x0800bca0       0x20 C:/ST/STM32CubeIDE_1.16.1/STM32CubeIDE/plugins/com.st.stm32cube.ide.mcu.externaltools.gnu-tools-for-stm32.12.3.rel1.win32_1.0.200.202406191623/tools/bin/../lib/gcc/arm-none-eabi/12.3.1/../../../../arm-none-eabi/lib/thumb/v7e-m+fp/hard\libc_nano.a(libc_a-closer.o)
                0x0800bca0                _close_r
 .text._lseek_r
                0x0800bcc0       0x24 C:/ST/STM32CubeIDE_1.16.1/STM32CubeIDE/plugins/com.st.stm32cube.ide.mcu.externaltools.gnu-tools-for-stm32.12.3.rel1.win32_1.0.200.202406191623/tools/bin/../lib/gcc/arm-none-eabi/12.3.1/../../../../arm-none-eabi/lib/thumb/v7e-m+fp/hard\libc_nano.a(libc_a-lseekr.o)
                0x0800bcc0                _lseek_r
 .text._read_r  0x0800bce4       0x24 C:/ST/STM32CubeIDE_1.16.1/STM32CubeIDE/plugins/com.st.stm32cube.ide.mcu.externaltools.gnu-tools-for-stm32.12.3.rel1.win32_1.0.200.202406191623/tools/bin/../lib/gcc/arm-none-eabi/12.3.1/../../../../arm-none-eabi/lib/thumb/v7e-m+fp/hard\libc_nano.a(libc_a-readr.o)
                0x0800bce4                _read_r
 .text._write_r
                0x0800bd08       0x24 C:/ST/STM32CubeIDE_1.16.1/STM32CubeIDE/plugins/com.st.stm32cube.ide.mcu.externaltools.gnu-tools-for-stm32.12.3.rel1.win32_1.0.200.202406191623/tools/bin/../lib/gcc/arm-none-eabi/12.3.1/../../../../arm-none-eabi/lib/thumb/v7e-m+fp/hard\libc_nano.a(libc_a-writer.o)
                0x0800bd08                _write_r
 .text.__errno  0x0800bd2c        0xc C:/ST/STM32CubeIDE_1.16.1/STM32CubeIDE/plugins/com.st.stm32cube.ide.mcu.externaltools.gnu-tools-for-stm32.12.3.rel1.win32_1.0.200.202406191623/tools/bin/../lib/gcc/arm-none-eabi/12.3.1/../../../../arm-none-eabi/lib/thumb/v7e-m+fp/hard\libc_nano.a(libc_a-errno.o)
                0x0800bd2c                __errno
 .text.__libc_init_array
                0x0800bd38       0x48 C:/ST/STM32CubeIDE_1.16.1/STM32CubeIDE/plugins/com.st.stm32cube.ide.mcu.externaltools.gnu-tools-for-stm32.12.3.rel1.win32_1.0.200.202406191623/tools/bin/../lib/gcc/arm-none-eabi/12.3.1/../../../../arm-none-eabi/lib/thumb/v7e-m+fp/hard\libc_nano.a(libc_a-init.o)
                0x0800bd38                __libc_init_array
 .text.__retarget_lock_init_recursive
                0x0800bd80        0x2 C:/ST/STM32CubeIDE_1.16.1/STM32CubeIDE/plugins/com.st.stm32cube.ide.mcu.externaltools.gnu-tools-for-stm32.12.3.rel1.win32_1.0.200.202406191623/tools/bin/../lib/gcc/arm-none-eabi/12.3.1/../../../../arm-none-eabi/lib/thumb/v7e-m+fp/hard\libc_nano.a(libc_a-lock.o)
                0x0800bd80                __retarget_lock_init_recursive
 .text.__retarget_lock_acquire_recursive
                0x0800bd82        0x2 C:/ST/STM32CubeIDE_1.16.1/STM32CubeIDE/plugins/com.st.stm32cube.ide.mcu.externaltools.gnu-tools-for-stm32.12.3.rel1.win32_1.0.200.202406191623/tools/bin/../lib/gcc/arm-none-eabi/12.3.1/../../../../arm-none-eabi/lib/thumb/v7e-m+fp/hard\libc_nano.a(libc_a-lock.o)
                0x0800bd82                __retarget_lock_acquire_recursive
 .text.__retarget_lock_release_recursive
                0x0800bd84        0x2 C:/ST/STM32CubeIDE_1.16.1/STM32CubeIDE/plugins/com.st.stm32cube.ide.mcu.externaltools.gnu-tools-for-stm32.12.3.rel1.win32_1.0.200.202406191623/tools/bin/../lib/gcc/arm-none-eabi/12.3.1/../../../../arm-none-eabi/lib/thumb/v7e-m+fp/hard\libc_nano.a(libc_a-lock.o)
                0x0800bd84                __retarget_lock_release_recursive
 .text.memcpy   0x0800bd86       0x1c C:/ST/STM32CubeIDE_1.16.1/STM32CubeIDE/plugins/com.st.stm32cube.ide.mcu.externaltools.gnu-tools-for-stm32.12.3.rel1.win32_1.0.200.202406191623/tools/bin/../lib/gcc/arm-none-eabi/12.3.1/../../../../arm-none-eabi/lib/thumb/v7e-m+fp/hard\libc_nano.a(libc_a-memcpy-stub.o)
                0x0800bd86                memcpy
 *fill*         0x0800bda2        0x2 
 .text._free_r  0x0800bda4       0x94 C:/ST/STM32CubeIDE_1.16.1/STM32CubeIDE/plugins/com.st.stm32cube.ide.mcu.externaltools.gnu-tools-for-stm32.12.3.rel1.win32_1.0.200.202406191623/tools/bin/../lib/gcc/arm-none-eabi/12.3.1/../../../../arm-none-eabi/lib/thumb/v7e-m+fp/hard\libc_nano.a(libc_a-freer.o)
                0x0800bda4                _free_r
 .text.sbrk_aligned
                0x0800be38       0x44 C:/ST/STM32CubeIDE_1.16.1/STM32CubeIDE/plugins/com.st.stm32cube.ide.mcu.externaltools.gnu-tools-for-stm32.12.3.rel1.win32_1.0.200.202406191623/tools/bin/../lib/gcc/arm-none-eabi/12.3.1/../../../../arm-none-eabi/lib/thumb/v7e-m+fp/hard\libc_nano.a(libc_a-mallocr.o)
 .text._malloc_r
                0x0800be7c      0x100 C:/ST/STM32CubeIDE_1.16.1/STM32CubeIDE/plugins/com.st.stm32cube.ide.mcu.externaltools.gnu-tools-for-stm32.12.3.rel1.win32_1.0.200.202406191623/tools/bin/../lib/gcc/arm-none-eabi/12.3.1/../../../../arm-none-eabi/lib/thumb/v7e-m+fp/hard\libc_nano.a(libc_a-mallocr.o)
                0x0800be7c                _malloc_r
 .text.__malloc_lock
                0x0800bf7c        0xc C:/ST/STM32CubeIDE_1.16.1/STM32CubeIDE/plugins/com.st.stm32cube.ide.mcu.externaltools.gnu-tools-for-stm32.12.3.rel1.win32_1.0.200.202406191623/tools/bin/../lib/gcc/arm-none-eabi/12.3.1/../../../../arm-none-eabi/lib/thumb/v7e-m+fp/hard\libc_nano.a(libc_a-mlock.o)
                0x0800bf7c                __malloc_lock
 .text.__malloc_unlock
                0x0800bf88        0xc C:/ST/STM32CubeIDE_1.16.1/STM32CubeIDE/plugins/com.st.stm32cube.ide.mcu.externaltools.gnu-tools-for-stm32.12.3.rel1.win32_1.0.200.202406191623/tools/bin/../lib/gcc/arm-none-eabi/12.3.1/../../../../arm-none-eabi/lib/thumb/v7e-m+fp/hard\libc_nano.a(libc_a-mlock.o)
                0x0800bf88                __malloc_unlock
 .text.__sfputc_r
                0x0800bf94       0x2e C:/ST/STM32CubeIDE_1.16.1/STM32CubeIDE/plugins/com.st.stm32cube.ide.mcu.externaltools.gnu-tools-for-stm32.12.3.rel1.win32_1.0.200.202406191623/tools/bin/../lib/gcc/arm-none-eabi/12.3.1/../../../../arm-none-eabi/lib/thumb/v7e-m+fp/hard\libc_nano.a(libc_a-nano-vfprintf.o)
 .text.__sfputs_r
                0x0800bfc2       0x24 C:/ST/STM32CubeIDE_1.16.1/STM32CubeIDE/plugins/com.st.stm32cube.ide.mcu.externaltools.gnu-tools-for-stm32.12.3.rel1.win32_1.0.200.202406191623/tools/bin/../lib/gcc/arm-none-eabi/12.3.1/../../../../arm-none-eabi/lib/thumb/v7e-m+fp/hard\libc_nano.a(libc_a-nano-vfprintf.o)
                0x0800bfc2                __sfputs_r
 *fill*         0x0800bfe6        0x2 
 .text._vfprintf_r
                0x0800bfe8      0x230 C:/ST/STM32CubeIDE_1.16.1/STM32CubeIDE/plugins/com.st.stm32cube.ide.mcu.externaltools.gnu-tools-for-stm32.12.3.rel1.win32_1.0.200.202406191623/tools/bin/../lib/gcc/arm-none-eabi/12.3.1/../../../../arm-none-eabi/lib/thumb/v7e-m+fp/hard\libc_nano.a(libc_a-nano-vfprintf.o)
                0x0800bfe8                _vfprintf_r
                0x0800bfe8                _vfiprintf_r
 .text._printf_common
                0x0800c218       0xda C:/ST/STM32CubeIDE_1.16.1/STM32CubeIDE/plugins/com.st.stm32cube.ide.mcu.externaltools.gnu-tools-for-stm32.12.3.rel1.win32_1.0.200.202406191623/tools/bin/../lib/gcc/arm-none-eabi/12.3.1/../../../../arm-none-eabi/lib/thumb/v7e-m+fp/hard\libc_nano.a(libc_a-nano-vfprintf_i.o)
                0x0800c218                _printf_common
 *fill*         0x0800c2f2        0x2 
 .text._printf_i
                0x0800c2f4      0x240 C:/ST/STM32CubeIDE_1.16.1/STM32CubeIDE/plugins/com.st.stm32cube.ide.mcu.externaltools.gnu-tools-for-stm32.12.3.rel1.win32_1.0.200.202406191623/tools/bin/../lib/gcc/arm-none-eabi/12.3.1/../../../../arm-none-eabi/lib/thumb/v7e-m+fp/hard\libc_nano.a(libc_a-nano-vfprintf_i.o)
                0x0800c2f4                _printf_i
 .text.__sflush_r
                0x0800c534      0x108 C:/ST/STM32CubeIDE_1.16.1/STM32CubeIDE/plugins/com.st.stm32cube.ide.mcu.externaltools.gnu-tools-for-stm32.12.3.rel1.win32_1.0.200.202406191623/tools/bin/../lib/gcc/arm-none-eabi/12.3.1/../../../../arm-none-eabi/lib/thumb/v7e-m+fp/hard\libc_nano.a(libc_a-fflush.o)
                0x0800c534                __sflush_r
 .text._fflush_r
                0x0800c63c       0x50 C:/ST/STM32CubeIDE_1.16.1/STM32CubeIDE/plugins/com.st.stm32cube.ide.mcu.externaltools.gnu-tools-for-stm32.12.3.rel1.win32_1.0.200.202406191623/tools/bin/../lib/gcc/arm-none-eabi/12.3.1/../../../../arm-none-eabi/lib/thumb/v7e-m+fp/hard\libc_nano.a(libc_a-fflush.o)
                0x0800c63c                _fflush_r
 .text.__swhatbuf_r
                0x0800c68c       0x4c C:/ST/STM32CubeIDE_1.16.1/STM32CubeIDE/plugins/com.st.stm32cube.ide.mcu.externaltools.gnu-tools-for-stm32.12.3.rel1.win32_1.0.200.202406191623/tools/bin/../lib/gcc/arm-none-eabi/12.3.1/../../../../arm-none-eabi/lib/thumb/v7e-m+fp/hard\libc_nano.a(libc_a-makebuf.o)
                0x0800c68c                __swhatbuf_r
 .text.__smakebuf_r
                0x0800c6d8       0x78 C:/ST/STM32CubeIDE_1.16.1/STM32CubeIDE/plugins/com.st.stm32cube.ide.mcu.externaltools.gnu-tools-for-stm32.12.3.rel1.win32_1.0.200.202406191623/tools/bin/../lib/gcc/arm-none-eabi/12.3.1/../../../../arm-none-eabi/lib/thumb/v7e-m+fp/hard\libc_nano.a(libc_a-makebuf.o)
                0x0800c6d8                __smakebuf_r
 .text._fstat_r
                0x0800c750       0x24 C:/ST/STM32CubeIDE_1.16.1/STM32CubeIDE/plugins/com.st.stm32cube.ide.mcu.externaltools.gnu-tools-for-stm32.12.3.rel1.win32_1.0.200.202406191623/tools/bin/../lib/gcc/arm-none-eabi/12.3.1/../../../../arm-none-eabi/lib/thumb/v7e-m+fp/hard\libc_nano.a(libc_a-fstatr.o)
                0x0800c750                _fstat_r
 .text._isatty_r
                0x0800c774       0x20 C:/ST/STM32CubeIDE_1.16.1/STM32CubeIDE/plugins/com.st.stm32cube.ide.mcu.externaltools.gnu-tools-for-stm32.12.3.rel1.win32_1.0.200.202406191623/tools/bin/../lib/gcc/arm-none-eabi/12.3.1/../../../../arm-none-eabi/lib/thumb/v7e-m+fp/hard\libc_nano.a(libc_a-isattyr.o)
                0x0800c774                _isatty_r
 .text._sbrk_r  0x0800c794       0x20 C:/ST/STM32CubeIDE_1.16.1/STM32CubeIDE/plugins/com.st.stm32cube.ide.mcu.externaltools.gnu-tools-for-stm32.12.3.rel1.win32_1.0.200.202406191623/tools/bin/../lib/gcc/arm-none-eabi/12.3.1/../../../../arm-none-eabi/lib/thumb/v7e-m+fp/hard\libc_nano.a(libc_a-sbrkr.o)
                0x0800c794                _sbrk_r
 *(.glue_7)
 .glue_7        0x0800c7b4        0x0 linker stubs
 *(.glue_7t)
 .glue_7t       0x0800c7b4        0x0 linker stubs
 *(.eh_frame)
 .eh_frame      0x0800c7b4        0x0 C:/ST/STM32CubeIDE_1.16.1/STM32CubeIDE/plugins/com.st.stm32cube.ide.mcu.externaltools.gnu-tools-for-stm32.12.3.rel1.win32_1.0.200.202406191623/tools/bin/../lib/gcc/arm-none-eabi/12.3.1/thumb/v7e-m+fp/hard/crtbegin.o
 *(.init)
 .init          0x0800c7b4        0x4 C:/ST/STM32CubeIDE_1.16.1/STM32CubeIDE/plugins/com.st.stm32cube.ide.mcu.externaltools.gnu-tools-for-stm32.12.3.rel1.win32_1.0.200.202406191623/tools/bin/../lib/gcc/arm-none-eabi/12.3.1/thumb/v7e-m+fp/hard/crti.o
                0x0800c7b4                _init
 .init          0x0800c7b8        0x8 C:/ST/STM32CubeIDE_1.16.1/STM32CubeIDE/plugins/com.st.stm32cube.ide.mcu.externaltools.gnu-tools-for-stm32.12.3.rel1.win32_1.0.200.202406191623/tools/bin/../lib/gcc/arm-none-eabi/12.3.1/thumb/v7e-m+fp/hard/crtn.o
 *(.fini)
 .fini          0x0800c7c0        0x4 C:/ST/STM32CubeIDE_1.16.1/STM32CubeIDE/plugins/com.st.stm32cube.ide.mcu.externaltools.gnu-tools-for-stm32.12.3.rel1.win32_1.0.200.202406191623/tools/bin/../lib/gcc/arm-none-eabi/12.3.1/thumb/v7e-m+fp/hard/crti.o
                0x0800c7c0                _fini
 .fini          0x0800c7c4        0x8 C:/ST/STM32CubeIDE_1.16.1/STM32CubeIDE/plugins/com.st.stm32cube.ide.mcu.externaltools.gnu-tools-for-stm32.12.3.rel1.win32_1.0.200.202406191623/tools/bin/../lib/gcc/arm-none-eabi/12.3.1/thumb/v7e-m+fp/hard/crtn.o
                0x0800c7cc                        . = ALIGN (0x4)
                0x0800c7cc                        _etext = .

.vfp11_veneer   0x0800c7cc        0x0
 .vfp11_veneer  0x0800c7cc        0x0 linker stubs

.v4_bx          0x0800c7cc        0x0
 .v4_bx         0x0800c7cc        0x0 linker stubs

.iplt           0x0800c7cc        0x0
 .iplt          0x0800c7cc        0x0 C:/ST/STM32CubeIDE_1.16.1/STM32CubeIDE/plugins/com.st.stm32cube.ide.mcu.externaltools.gnu-tools-for-stm32.12.3.rel1.win32_1.0.200.202406191623/tools/bin/../lib/gcc/arm-none-eabi/12.3.1/thumb/v7e-m+fp/hard/crtbegin.o

.rodata         0x0800c7cc      0x27c
                0x0800c7cc                        . = ALIGN (0x4)
 *(.rodata)
 .rodata        0x0800c7cc      0x1bd ./Core/Src/user.o
 *fill*         0x0800c989        0x3 
 .rodata        0x0800c98c       0x46 ./USB_Device/App/usbd_desc.o
 *(.rodata*)
 *fill*         0x0800c9d2        0x2 
 .rodata.AHBPrescTable
                0x0800c9d4       0x10 ./Core/Src/system_stm32g4xx.o
                0x0800c9d4                AHBPrescTable
 .rodata.APBPrescTable
                0x0800c9e4        0x8 ./Core/Src/system_stm32g4xx.o
                0x0800c9e4                APBPrescTable
 .rodata.UARTPrescTable
                0x0800c9ec       0x18 ./Drivers/STM32G4xx_HAL_Driver/Src/stm32g4xx_hal_uart.o
                0x0800c9ec                UARTPrescTable
 .rodata.numerator.1
                0x0800ca04        0x8 ./Drivers/STM32G4xx_HAL_Driver/Src/stm32g4xx_hal_uart_ex.o
 .rodata.denominator.0
                0x0800ca0c        0x8 ./Drivers/STM32G4xx_HAL_Driver/Src/stm32g4xx_hal_uart_ex.o
 .rodata._vfprintf_r.str1.1
                0x0800ca14       0x11 C:/ST/STM32CubeIDE_1.16.1/STM32CubeIDE/plugins/com.st.stm32cube.ide.mcu.externaltools.gnu-tools-for-stm32.12.3.rel1.win32_1.0.200.202406191623/tools/bin/../lib/gcc/arm-none-eabi/12.3.1/../../../../arm-none-eabi/lib/thumb/v7e-m+fp/hard\libc_nano.a(libc_a-nano-vfprintf.o)
 .rodata._printf_i.str1.1
                0x0800ca25       0x22 C:/ST/STM32CubeIDE_1.16.1/STM32CubeIDE/plugins/com.st.stm32cube.ide.mcu.externaltools.gnu-tools-for-stm32.12.3.rel1.win32_1.0.200.202406191623/tools/bin/../lib/gcc/arm-none-eabi/12.3.1/../../../../arm-none-eabi/lib/thumb/v7e-m+fp/hard\libc_nano.a(libc_a-nano-vfprintf_i.o)
                0x0800ca48                        . = ALIGN (0x4)
 *fill*         0x0800ca47        0x1 

.ARM.extab      0x0800ca48        0x0
                0x0800ca48                        . = ALIGN (0x4)
 *(.ARM.extab* .gnu.linkonce.armextab.*)
                0x0800ca48                        . = ALIGN (0x4)

.ARM            0x0800ca48        0x8
                0x0800ca48                        . = ALIGN (0x4)
                0x0800ca48                        __exidx_start = .
 *(.ARM.exidx*)
 .ARM.exidx     0x0800ca48        0x8 C:/ST/STM32CubeIDE_1.16.1/STM32CubeIDE/plugins/com.st.stm32cube.ide.mcu.externaltools.gnu-tools-for-stm32.12.3.rel1.win32_1.0.200.202406191623/tools/bin/../lib/gcc/arm-none-eabi/12.3.1/../../../../arm-none-eabi/lib/thumb/v7e-m+fp/hard\libc_nano.a(libc_a-memchr.o)
 .ARM.exidx     0x0800ca50        0x0 C:/ST/STM32CubeIDE_1.16.1/STM32CubeIDE/plugins/com.st.stm32cube.ide.mcu.externaltools.gnu-tools-for-stm32.12.3.rel1.win32_1.0.200.202406191623/tools/bin/../lib/gcc/arm-none-eabi/12.3.1/thumb/v7e-m+fp/hard\libgcc.a(_udivmoddi4.o)
                                  0x8 (size before relaxing)
                0x0800ca50                        __exidx_end = .
                0x0800ca50                        . = ALIGN (0x4)

.preinit_array  0x0800ca50        0x0
                0x0800ca50                        . = ALIGN (0x4)
                0x0800ca50                        PROVIDE (__preinit_array_start = .)
 *(.preinit_array*)
                0x0800ca50                        PROVIDE (__preinit_array_end = .)
                0x0800ca50                        . = ALIGN (0x4)

.init_array     0x0800ca50        0x4
                0x0800ca50                        . = ALIGN (0x4)
                0x0800ca50                        PROVIDE (__init_array_start = .)
 *(SORT_BY_NAME(.init_array.*))
 *(.init_array*)
 .init_array    0x0800ca50        0x4 C:/ST/STM32CubeIDE_1.16.1/STM32CubeIDE/plugins/com.st.stm32cube.ide.mcu.externaltools.gnu-tools-for-stm32.12.3.rel1.win32_1.0.200.202406191623/tools/bin/../lib/gcc/arm-none-eabi/12.3.1/thumb/v7e-m+fp/hard/crtbegin.o
                0x0800ca54                        PROVIDE (__init_array_end = .)
                0x0800ca54                        . = ALIGN (0x4)

.fini_array     0x0800ca54        0x4
                0x0800ca54                        . = ALIGN (0x4)
                [!provide]                        PROVIDE (__fini_array_start = .)
 *(SORT_BY_NAME(.fini_array.*))
 *(.fini_array*)
 .fini_array    0x0800ca54        0x4 C:/ST/STM32CubeIDE_1.16.1/STM32CubeIDE/plugins/com.st.stm32cube.ide.mcu.externaltools.gnu-tools-for-stm32.12.3.rel1.win32_1.0.200.202406191623/tools/bin/../lib/gcc/arm-none-eabi/12.3.1/thumb/v7e-m+fp/hard/crtbegin.o
                [!provide]                        PROVIDE (__fini_array_end = .)
                0x0800ca58                        . = ALIGN (0x4)
                0x0800ca58                        _sidata = LOADADDR (.data)

.rel.dyn        0x0800ca58        0x0
 .rel.iplt      0x0800ca58        0x0 C:/ST/STM32CubeIDE_1.16.1/STM32CubeIDE/plugins/com.st.stm32cube.ide.mcu.externaltools.gnu-tools-for-stm32.12.3.rel1.win32_1.0.200.202406191623/tools/bin/../lib/gcc/arm-none-eabi/12.3.1/thumb/v7e-m+fp/hard/crtbegin.o

.data           0x20000000      0x234 load address 0x0800ca58
                0x20000000                        . = ALIGN (0x4)
                0x20000000                        _sdata = .
 *(.data)
 *(.data*)
 .data.SystemCoreClock
                0x20000000        0x4 ./Core/Src/system_stm32g4xx.o
                0x20000000                SystemCoreClock
 .data.IOL_Page1_SeqValue
                0x20000004        0xd ./Core/Src/user_uart_proc.o
 *fill*         0x20000011        0x3 
 .data.IOL_PreOP_Packet
                0x20000014       0x40 ./Core/Src/user_uart_proc.o
 .data.IOL_Checksum_SeedValue
                0x20000054        0x1 ./Core/Src/user_uart_proc.o
 *fill*         0x20000055        0x3 
 .data.uwTickPrio
                0x20000058        0x4 ./Drivers/STM32G4xx_HAL_Driver/Src/stm32g4xx_hal.o
                0x20000058                uwTickPrio
 .data.uwTickFreq
                0x2000005c        0x4 ./Drivers/STM32G4xx_HAL_Driver/Src/stm32g4xx_hal.o
                0x2000005c                uwTickFreq
 .data.USBD_CDC_DeviceQualifierDesc
                0x20000060        0xa ./Middlewares/ST/STM32_USB_Device_Library/Class/CDC/Src/usbd_cdc.o
 *fill*         0x2000006a        0x2 
 .data.USBD_CDC
                0x2000006c       0x38 ./Middlewares/ST/STM32_USB_Device_Library/Class/CDC/Src/usbd_cdc.o
                0x2000006c                USBD_CDC
 .data.USBD_CDC_CfgHSDesc
                0x200000a4       0x43 ./Middlewares/ST/STM32_USB_Device_Library/Class/CDC/Src/usbd_cdc.o
 *fill*         0x200000e7        0x1 
 .data.USBD_CDC_CfgFSDesc
                0x200000e8       0x43 ./Middlewares/ST/STM32_USB_Device_Library/Class/CDC/Src/usbd_cdc.o
 *fill*         0x2000012b        0x1 
 .data.USBD_CDC_OtherSpeedCfgDesc
                0x2000012c       0x43 ./Middlewares/ST/STM32_USB_Device_Library/Class/CDC/Src/usbd_cdc.o
 *fill*         0x2000016f        0x1 
 .data.USBD_Interface_fops_FS
                0x20000170       0x14 ./USB_Device/App/usbd_cdc_if.o
                0x20000170                USBD_Interface_fops_FS
 .data.CDC_Desc
                0x20000184       0x20 ./USB_Device/App/usbd_desc.o
                0x20000184                CDC_Desc
 .data.USBD_CDC_DeviceDesc
                0x200001a4       0x12 ./USB_Device/App/usbd_desc.o
                0x200001a4                USBD_CDC_DeviceDesc
 *fill*         0x200001b6        0x2 
 .data.USBD_LangIDDesc
                0x200001b8        0x4 ./USB_Device/App/usbd_desc.o
                0x200001b8                USBD_LangIDDesc
 .data.USBD_StringSerial
                0x200001bc       0x1a ./USB_Device/App/usbd_desc.o
                0x200001bc                USBD_StringSerial
 *fill*         0x200001d6        0x2 
 .data.__sglue  0x200001d8        0xc C:/ST/STM32CubeIDE_1.16.1/STM32CubeIDE/plugins/com.st.stm32cube.ide.mcu.externaltools.gnu-tools-for-stm32.12.3.rel1.win32_1.0.200.202406191623/tools/bin/../lib/gcc/arm-none-eabi/12.3.1/../../../../arm-none-eabi/lib/thumb/v7e-m+fp/hard\libc_nano.a(libc_a-findfp.o)
                0x200001d8                __sglue
 .data._impure_ptr
                0x200001e4        0x4 C:/ST/STM32CubeIDE_1.16.1/STM32CubeIDE/plugins/com.st.stm32cube.ide.mcu.externaltools.gnu-tools-for-stm32.12.3.rel1.win32_1.0.200.202406191623/tools/bin/../lib/gcc/arm-none-eabi/12.3.1/../../../../arm-none-eabi/lib/thumb/v7e-m+fp/hard\libc_nano.a(libc_a-impure.o)
                0x200001e4                _impure_ptr
 .data._impure_data
                0x200001e8       0x4c C:/ST/STM32CubeIDE_1.16.1/STM32CubeIDE/plugins/com.st.stm32cube.ide.mcu.externaltools.gnu-tools-for-stm32.12.3.rel1.win32_1.0.200.202406191623/tools/bin/../lib/gcc/arm-none-eabi/12.3.1/../../../../arm-none-eabi/lib/thumb/v7e-m+fp/hard\libc_nano.a(libc_a-impure.o)
                0x200001e8                _impure_data
 *(.RamFunc)
 *(.RamFunc*)
                0x20000234                        . = ALIGN (0x4)
                0x20000234                        _edata = .

.igot.plt       0x20000234        0x0 load address 0x0800cc8c
 .igot.plt      0x20000234        0x0 C:/ST/STM32CubeIDE_1.16.1/STM32CubeIDE/plugins/com.st.stm32cube.ide.mcu.externaltools.gnu-tools-for-stm32.12.3.rel1.win32_1.0.200.202406191623/tools/bin/../lib/gcc/arm-none-eabi/12.3.1/thumb/v7e-m+fp/hard/crtbegin.o
                0x20000234                        . = ALIGN (0x4)

.bss            0x20000234     0x1d00 load address 0x0800cc8c
                0x20000234                        _sbss = .
                0x20000234                        __bss_start__ = _sbss
 *(.bss)
 .bss           0x20000234       0x1c C:/ST/STM32CubeIDE_1.16.1/STM32CubeIDE/plugins/com.st.stm32cube.ide.mcu.externaltools.gnu-tools-for-stm32.12.3.rel1.win32_1.0.200.202406191623/tools/bin/../lib/gcc/arm-none-eabi/12.3.1/thumb/v7e-m+fp/hard/crtbegin.o
 *(.bss*)
 .bss.IOL_Rx_IDLEFlag
                0x20000250        0x1 ./Core/Src/stm32g4xx_it.o
                0x20000250                IOL_Rx_IDLEFlag
 *fill*         0x20000251        0x3 
 .bss.__sbrk_heap_end
                0x20000254        0x4 ./Core/Src/sysmem.o
 .bss.htim1     0x20000258       0x4c ./Core/Src/tim.o
                0x20000258                htim1
 .bss.huart1    0x200002a4       0x94 ./Core/Src/usart.o
                0x200002a4                huart1
 .bss.hdma_usart1_rx
                0x20000338       0x60 ./Core/Src/usart.o
                0x20000338                hdma_usart1_rx
 .bss.TIM1_CNT_1
                0x20000398        0x4 ./Core/Src/user.o
                0x20000398                TIM1_CNT_1
 .bss.TIM1_CNT_2
                0x2000039c        0x4 ./Core/Src/user.o
                0x2000039c                TIM1_CNT_2
 .bss.queDataNum
                0x200003a0        0x2 ./Core/Src/user.o
                0x200003a0                queDataNum
 *fill*         0x200003a2        0x2 
 .bss.USB_TX_Q  0x200003a4       0x10 ./Core/Src/user.o
                0x200003a4                USB_TX_Q
 .bss.queData   0x200003b4      0x3e8 ./Core/Src/user.o
                0x200003b4                queData
 .bss.USB_TX_Data
                0x2000079c      0x3e8 ./Core/Src/user.o
                0x2000079c                USB_TX_Data
 .bss.uart_rx_IDLE_TotalCnt
                0x20000b84        0x4 ./Core/Src/user.o
                0x20000b84                uart_rx_IDLE_TotalCnt
 .bss.uart1_rx_IDLE_buf
                0x20000b88       0x64 ./Core/Src/user.o
                0x20000b88                uart1_rx_IDLE_buf
 .bss.ProcessDataIn_cnt
                0x20000bec        0x1 ./Core/Src/user_uart_proc.o
                0x20000bec                ProcessDataIn_cnt
 *fill*         0x20000bed        0x3 
 .bss.IOL_Page1_Packet
                0x20000bf0        0x2 ./Core/Src/user_uart_proc.o
 .bss.Page1_seq
                0x20000bf2        0x1 ./Core/Src/user_uart_proc.o
 .bss.PreOP_seq_cnt
                0x20000bf3        0x1 ./Core/Src/user_uart_proc.o
 .bss.stateIOLseq
                0x20000bf4        0x1 ./Core/Src/user_uart_proc.o
                0x20000bf4                stateIOLseq
 *fill*         0x20000bf5        0x3 
 .bss.device_ProcessDataIn_arr.2
                0x20000bf8        0x7 ./Core/Src/user_uart_proc.o
 *fill*         0x20000bff        0x1 
 .bss.device_ProcessDataOut_arr.1
                0x20000c00        0x5 ./Core/Src/user_uart_proc.o
 *fill*         0x20000c05        0x3 
 .bss.preop_data_arr.0
                0x20000c08        0x9 ./Core/Src/user_uart_proc.o
 *fill*         0x20000c11        0x3 
 .bss.uwTick    0x20000c14        0x4 ./Drivers/STM32G4xx_HAL_Driver/Src/stm32g4xx_hal.o
                0x20000c14                uwTick
 .bss.cfgidx.0  0x20000c18        0x1 ./Middlewares/ST/STM32_USB_Device_Library/Core/Src/usbd_ctlreq.o
 *fill*         0x20000c19        0x3 
 .bss.hUsbDeviceFS
                0x20000c1c      0x2d0 ./USB_Device/App/usb_device.o
                0x20000c1c                hUsbDeviceFS
 .bss.UserRxBufferFS
                0x20000eec      0x400 ./USB_Device/App/usbd_cdc_if.o
                0x20000eec                UserRxBufferFS
 .bss.UserTxBufferFS
                0x200012ec      0x400 ./USB_Device/App/usbd_cdc_if.o
                0x200012ec                UserTxBufferFS
 .bss.USBD_StrDesc
                0x200016ec      0x200 ./USB_Device/App/usbd_desc.o
                0x200016ec                USBD_StrDesc
 .bss.hpcd_USB_FS
                0x200018ec      0x2dc ./USB_Device/Target/usbd_conf.o
                0x200018ec                hpcd_USB_FS
 .bss.mem.0     0x20001bc8      0x220 ./USB_Device/Target/usbd_conf.o
 .bss.__sf      0x20001de8      0x138 C:/ST/STM32CubeIDE_1.16.1/STM32CubeIDE/plugins/com.st.stm32cube.ide.mcu.externaltools.gnu-tools-for-stm32.12.3.rel1.win32_1.0.200.202406191623/tools/bin/../lib/gcc/arm-none-eabi/12.3.1/../../../../arm-none-eabi/lib/thumb/v7e-m+fp/hard\libc_nano.a(libc_a-findfp.o)
                0x20001de8                __sf
 .bss.__stdio_exit_handler
                0x20001f20        0x4 C:/ST/STM32CubeIDE_1.16.1/STM32CubeIDE/plugins/com.st.stm32cube.ide.mcu.externaltools.gnu-tools-for-stm32.12.3.rel1.win32_1.0.200.202406191623/tools/bin/../lib/gcc/arm-none-eabi/12.3.1/../../../../arm-none-eabi/lib/thumb/v7e-m+fp/hard\libc_nano.a(libc_a-findfp.o)
                0x20001f20                __stdio_exit_handler
 .bss.errno     0x20001f24        0x4 C:/ST/STM32CubeIDE_1.16.1/STM32CubeIDE/plugins/com.st.stm32cube.ide.mcu.externaltools.gnu-tools-for-stm32.12.3.rel1.win32_1.0.200.202406191623/tools/bin/../lib/gcc/arm-none-eabi/12.3.1/../../../../arm-none-eabi/lib/thumb/v7e-m+fp/hard\libc_nano.a(libc_a-reent.o)
                0x20001f24                errno
 .bss.__lock___malloc_recursive_mutex
                0x20001f28        0x1 C:/ST/STM32CubeIDE_1.16.1/STM32CubeIDE/plugins/com.st.stm32cube.ide.mcu.externaltools.gnu-tools-for-stm32.12.3.rel1.win32_1.0.200.202406191623/tools/bin/../lib/gcc/arm-none-eabi/12.3.1/../../../../arm-none-eabi/lib/thumb/v7e-m+fp/hard\libc_nano.a(libc_a-lock.o)
                0x20001f28                __lock___malloc_recursive_mutex
 .bss.__lock___sfp_recursive_mutex
                0x20001f29        0x1 C:/ST/STM32CubeIDE_1.16.1/STM32CubeIDE/plugins/com.st.stm32cube.ide.mcu.externaltools.gnu-tools-for-stm32.12.3.rel1.win32_1.0.200.202406191623/tools/bin/../lib/gcc/arm-none-eabi/12.3.1/../../../../arm-none-eabi/lib/thumb/v7e-m+fp/hard\libc_nano.a(libc_a-lock.o)
                0x20001f29                __lock___sfp_recursive_mutex
 *fill*         0x20001f2a        0x2 
 .bss.__malloc_sbrk_start
                0x20001f2c        0x4 C:/ST/STM32CubeIDE_1.16.1/STM32CubeIDE/plugins/com.st.stm32cube.ide.mcu.externaltools.gnu-tools-for-stm32.12.3.rel1.win32_1.0.200.202406191623/tools/bin/../lib/gcc/arm-none-eabi/12.3.1/../../../../arm-none-eabi/lib/thumb/v7e-m+fp/hard\libc_nano.a(libc_a-mallocr.o)
                0x20001f2c                __malloc_sbrk_start
 .bss.__malloc_free_list
                0x20001f30        0x4 C:/ST/STM32CubeIDE_1.16.1/STM32CubeIDE/plugins/com.st.stm32cube.ide.mcu.externaltools.gnu-tools-for-stm32.12.3.rel1.win32_1.0.200.202406191623/tools/bin/../lib/gcc/arm-none-eabi/12.3.1/../../../../arm-none-eabi/lib/thumb/v7e-m+fp/hard\libc_nano.a(libc_a-mallocr.o)
                0x20001f30                __malloc_free_list
 *(COMMON)
                0x20001f34                        . = ALIGN (0x4)
                0x20001f34                        _ebss = .
                0x20001f34                        __bss_end__ = _ebss

._user_heap_stack
                0x20001f34      0x604 load address 0x0800cc8c
                0x20001f38                        . = ALIGN (0x8)
 *fill*         0x20001f34        0x4 
                [!provide]                        PROVIDE (end = .)
                0x20001f38                        PROVIDE (_end = .)
                0x20002138                        . = (. + _Min_Heap_Size)
 *fill*         0x20001f38      0x200 
                0x20002538                        . = (. + _Min_Stack_Size)
 *fill*         0x20002138      0x400 
                0x20002538                        . = ALIGN (0x8)

/DISCARD/
 libc.a(*)
 libm.a(*)
 libgcc.a(*)

.ARM.attributes
                0x00000000       0x30
 *(.ARM.attributes)
 .ARM.attributes
                0x00000000       0x22 C:/ST/STM32CubeIDE_1.16.1/STM32CubeIDE/plugins/com.st.stm32cube.ide.mcu.externaltools.gnu-tools-for-stm32.12.3.rel1.win32_1.0.200.202406191623/tools/bin/../lib/gcc/arm-none-eabi/12.3.1/thumb/v7e-m+fp/hard/crti.o
 .ARM.attributes
                0x00000022       0x34 C:/ST/STM32CubeIDE_1.16.1/STM32CubeIDE/plugins/com.st.stm32cube.ide.mcu.externaltools.gnu-tools-for-stm32.12.3.rel1.win32_1.0.200.202406191623/tools/bin/../lib/gcc/arm-none-eabi/12.3.1/thumb/v7e-m+fp/hard/crtbegin.o
 .ARM.attributes
                0x00000056       0x34 ./Core/Src/dma.o
 .ARM.attributes
                0x0000008a       0x34 ./Core/Src/gpio.o
 .ARM.attributes
                0x000000be       0x34 ./Core/Src/main.o
 .ARM.attributes
                0x000000f2       0x34 ./Core/Src/queue.o
 .ARM.attributes
                0x00000126       0x34 ./Core/Src/stm32g4xx_hal_msp.o
 .ARM.attributes
                0x0000015a       0x34 ./Core/Src/stm32g4xx_it.o
 .ARM.attributes
                0x0000018e       0x34 ./Core/Src/syscalls.o
 .ARM.attributes
                0x000001c2       0x34 ./Core/Src/sysmem.o
 .ARM.attributes
                0x000001f6       0x34 ./Core/Src/system_stm32g4xx.o
 .ARM.attributes
                0x0000022a       0x34 ./Core/Src/tim.o
 .ARM.attributes
                0x0000025e       0x34 ./Core/Src/usart.o
 .ARM.attributes
                0x00000292       0x34 ./Core/Src/user.o
 .ARM.attributes
                0x000002c6       0x34 ./Core/Src/user_uart_proc.o
 .ARM.attributes
                0x000002fa       0x21 ./Core/Startup/startup_stm32g431cbtx.o
 .ARM.attributes
                0x0000031b       0x34 ./Drivers/STM32G4xx_HAL_Driver/Src/stm32g4xx_hal.o
 .ARM.attributes
                0x0000034f       0x34 ./Drivers/STM32G4xx_HAL_Driver/Src/stm32g4xx_hal_cortex.o
 .ARM.attributes
                0x00000383       0x34 ./Drivers/STM32G4xx_HAL_Driver/Src/stm32g4xx_hal_dma.o
 .ARM.attributes
                0x000003b7       0x34 ./Drivers/STM32G4xx_HAL_Driver/Src/stm32g4xx_hal_gpio.o
 .ARM.attributes
                0x000003eb       0x34 ./Drivers/STM32G4xx_HAL_Driver/Src/stm32g4xx_hal_pcd.o
 .ARM.attributes
                0x0000041f       0x34 ./Drivers/STM32G4xx_HAL_Driver/Src/stm32g4xx_hal_pcd_ex.o
 .ARM.attributes
                0x00000453       0x34 ./Drivers/STM32G4xx_HAL_Driver/Src/stm32g4xx_hal_pwr_ex.o
 .ARM.attributes
                0x00000487       0x34 ./Drivers/STM32G4xx_HAL_Driver/Src/stm32g4xx_hal_rcc.o
 .ARM.attributes
                0x000004bb       0x34 ./Drivers/STM32G4xx_HAL_Driver/Src/stm32g4xx_hal_rcc_ex.o
 .ARM.attributes
                0x000004ef       0x34 ./Drivers/STM32G4xx_HAL_Driver/Src/stm32g4xx_hal_tim.o
 .ARM.attributes
                0x00000523       0x34 ./Drivers/STM32G4xx_HAL_Driver/Src/stm32g4xx_hal_tim_ex.o
 .ARM.attributes
                0x00000557       0x34 ./Drivers/STM32G4xx_HAL_Driver/Src/stm32g4xx_hal_uart.o
 .ARM.attributes
                0x0000058b       0x34 ./Drivers/STM32G4xx_HAL_Driver/Src/stm32g4xx_hal_uart_ex.o
 .ARM.attributes
                0x000005bf       0x34 ./Drivers/STM32G4xx_HAL_Driver/Src/stm32g4xx_ll_usb.o
 .ARM.attributes
                0x000005f3       0x34 ./Middlewares/ST/STM32_USB_Device_Library/Class/CDC/Src/usbd_cdc.o
 .ARM.attributes
                0x00000627       0x34 ./Middlewares/ST/STM32_USB_Device_Library/Core/Src/usbd_core.o
 .ARM.attributes
                0x0000065b       0x34 ./Middlewares/ST/STM32_USB_Device_Library/Core/Src/usbd_ctlreq.o
 .ARM.attributes
                0x0000068f       0x34 ./Middlewares/ST/STM32_USB_Device_Library/Core/Src/usbd_ioreq.o
 .ARM.attributes
                0x000006c3       0x34 ./USB_Device/App/usb_device.o
 .ARM.attributes
                0x000006f7       0x34 ./USB_Device/App/usbd_cdc_if.o
 .ARM.attributes
                0x0000072b       0x34 ./USB_Device/App/usbd_desc.o
 .ARM.attributes
                0x0000075f       0x34 ./USB_Device/Target/usbd_conf.o
 .ARM.attributes
                0x00000793       0x34 C:/ST/STM32CubeIDE_1.16.1/STM32CubeIDE/plugins/com.st.stm32cube.ide.mcu.externaltools.gnu-tools-for-stm32.12.3.rel1.win32_1.0.200.202406191623/tools/bin/../lib/gcc/arm-none-eabi/12.3.1/../../../../arm-none-eabi/lib/thumb/v7e-m+fp/hard\libc_nano.a(libc_a-findfp.o)
 .ARM.attributes