../Core/Src/IOL_ISDU.c:279:16:IOL_Get_ISDU_Iservice	24	static
../Core/Src/IOL_ISDU.c:293:16:IOL_Get_ISDU_ExtLength	24	static
../Core/Src/IOL_ISDU.c:303:16:IOL_Get_ISDU_Length	24	static
../Core/Src/IOL_ISDU.c:327:16:IOL_Get_ISDU_Index	16	static
../Core/Src/IOL_ISDU.c:351:9:IOL_Get_ISDU_WR_ODArr	16	static
../Core/Src/IOL_ISDU.c:377:9:IOL_Get_ISDU_RD_ODArr	16	static
../Core/Src/IOL_ISDU.c:401:6:IOL_Clear_PDBuffer	8	static
../Core/Src/IOL_ISDU.c:408:13:IOL_Make_Resp_ProductName	8	static
../Core/Src/IOL_ISDU.c:423:13:IOL_Make_Resp_SerialNumber	8	static
../Core/Src/IOL_ISDU.c:439:13:IOL_Make_Resp_ApplicationSpecificTag	8	static
../Core/Src/IOL_ISDU.c:454:13:IOL_Make_Resp_ProductID	8	static
../Core/Src/IOL_ISDU.c:469:13:IOL_Make_Resp_ExampleParameter	8	static
../Core/Src/IOL_ISDU.c:484:13:IOL_Make_Resp_DeviceStatus	8	static
../Core/Src/IOL_ISDU.c:499:13:IOL_Make_Resp_DetailedDeviceStatus	8	static
../Core/Src/IOL_ISDU.c:514:13:IOL_Make_Resp_VendorName	8	static
../Core/Src/IOL_ISDU.c:529:13:IOL_Make_Resp_HWRevision	8	static
../Core/Src/IOL_ISDU.c:544:13:IOL_Make_Resp_FWRevision	8	static
../Core/Src/IOL_ISDU.c:560:13:IOL_Make_Resp_PDOD	24	static
../Core/Src/IOL_ISDU.c:581:13:IOL_Make_Resp_default	8	static
../Core/Src/IOL_ISDU.c:588:13:IOL_Make_WriteRespPlus	8	static
../Core/Src/IOL_ISDU.c:597:9:IOL_State_OP_ISDU_ReadProcess	8	static
../Core/Src/IOL_ISDU.c:726:9:IOL_State_OP_ISDU_WriteProcess	8	static
