../Core/Src/IOL_Base.c:62:16:Decode_MC_ReadWrite	24	static
../Core/Src/IOL_Base.c:81:16:Decode_MC_CommunicationChannel	24	static
../Core/Src/IOL_Base.c:105:16:Decode_MC_Address	24	static
../Core/Src/IOL_Base.c:114:16:Decode_CKT_Type	24	static
../Core/Src/IOL_Base.c:123:16:Decode_CKT_Checksum	24	static
../Core/Src/IOL_Base.c:132:16:Decode_CKS_GetChecksum	32	static
../Core/Src/IOL_Base.c:161:9:OP_CKS_GetChecksum	40	static
../Core/Src/IOL_Base.c:218:17:IOL_StartUp_Read_MakePacket	32	static
../Core/Src/IOL_Base.c:228:17:IOL_StartUp_Write_MakePacket	24	static
../Core/Src/IOL_Base.c:237:16:IOL_State_StartUp	24	static
../Core/Src/IOL_Base.c:273:16:IOL_State_PreOP_Read_Channel	24	static
../Core/Src/IOL_Base.c:315:16:IOL_State_PreOP_Write_Channel	16	static
../Core/Src/IOL_Base.c:354:16:IOL_State_PreOP_Process	8	static
../Core/Src/IOL_Base.c:372:16:IOL_State_OP_Read_Channel	8	static
../Core/Src/IOL_Base.c:448:16:IOL_State_OP_Write_Channel	8	static
../Core/Src/IOL_Base.c:485:16:IOL_State_OP_Process	8	static
../Core/Src/IOL_Base.c:500:9:IOL_StateM_Process	8	static
../Core/Src/IOL_Base.c:522:9:IOL_Parse_Rx_data	16	static
../Core/Src/IOL_Base.c:534:6:IOL_Print_ParsingM2Ddata	24	static
