../Core/Src/IOL_Base.c:63:16:Decode_MC_ReadWrite	24	static
../Core/Src/IOL_Base.c:82:16:Decode_MC_CommunicationChannel	24	static
../Core/Src/IOL_Base.c:106:16:Decode_MC_Address	24	static
../Core/Src/IOL_Base.c:115:16:Decode_CKT_Type	24	static
../Core/Src/IOL_Base.c:124:16:Decode_CKT_Checksum	24	static
../Core/Src/IOL_Base.c:133:16:Decode_CKS_GetChecksum	32	static
../Core/Src/IOL_Base.c:162:9:OP_CKS_GetChecksum	40	static
../Core/Src/IOL_Base.c:219:17:IOL_StartUp_Read_MakePacket	32	static
../Core/Src/IOL_Base.c:229:17:IOL_StartUp_Write_MakePacket	24	static
../Core/Src/IOL_Base.c:238:16:IOL_State_StartUp	24	static
../Core/Src/IOL_Base.c:274:16:IOL_State_PreOP_Read_Channel	24	static
../Core/Src/IOL_Base.c:316:16:IOL_State_PreOP_Write_Channel	16	static
../Core/Src/IOL_Base.c:355:16:IOL_State_PreOP_Process	8	static
../Core/Src/IOL_Base.c:373:16:IOL_State_OP_Read_Channel	8	static
../Core/Src/IOL_Base.c:449:16:IOL_State_OP_Write_Channel	8	static
../Core/Src/IOL_Base.c:485:16:IOL_State_OP_Process	8	static
../Core/Src/IOL_Base.c:501:9:IOL_Reboot_Check	8	static
../Core/Src/IOL_Base.c:550:9:IOL_StateM_Process	8	static
../Core/Src/IOL_Base.c:575:9:IOL_Parse_Rx_data	16	static
../Core/Src/IOL_Base.c:587:6:IOL_Print_ParsingM2Ddata	24	static
