../Core/Src/IOL_Base.c:40:16:Decode_MC_ReadWrite	24	static
../Core/Src/IOL_Base.c:59:16:Decode_MC_CommunicationChannel	24	static
../Core/Src/IOL_Base.c:83:16:Decode_MC_Address	24	static
../Core/Src/IOL_Base.c:92:16:Decode_CKT_Type	24	static
../Core/Src/IOL_Base.c:101:16:Decode_CKT_Checksum	24	static
../Core/Src/IOL_Base.c:110:16:Decode_CKS_GetChecksum	32	static
../Core/Src/IOL_Base.c:139:9:OP_CKS_GetChecksum	40	static
../Core/Src/IOL_Base.c:196:17:IOL_StartUp_Read_MakePacket	32	static
../Core/Src/IOL_Base.c:206:17:IOL_StartUp_Write_MakePacket	24	static
../Core/Src/IOL_Base.c:215:16:IOL_State_StartUp	24	static
../Core/Src/IOL_Base.c:251:16:IOL_State_PreOP_Read_Channel	24	static
../Core/Src/IOL_Base.c:293:16:IOL_State_PreOP_Write_Channel	16	static
../Core/Src/IOL_Base.c:332:16:IOL_State_PreOP_Process	8	static
../Core/Src/IOL_Base.c:350:16:IOL_State_OP_Read_Channel	8	static
../Core/Src/IOL_Base.c:378:16:IOL_State_OP_Write_Channel	8	static
../Core/Src/IOL_Base.c:407:16:IOL_State_OP_Process	8	static
../Core/Src/IOL_Base.c:422:9:IOL_StateM_Process	8	static
../Core/Src/IOL_Base.c:442:9:IOL_Parse_Rx_data	16	static
../Core/Src/IOL_Base.c:454:6:IOL_Print_ParsingM2Ddata	24	static
