../Core/Src/IOL_Base.c:66:16:Decode_MC_ReadWrite	24	static
../Core/Src/IOL_Base.c:85:16:Decode_MC_CommunicationChannel	24	static
../Core/Src/IOL_Base.c:109:16:Decode_MC_Address	24	static
../Core/Src/IOL_Base.c:118:16:Decode_CKT_Type	24	static
../Core/Src/IOL_Base.c:127:16:Decode_CKT_Checksum	24	static
../Core/Src/IOL_Base.c:136:16:Decode_CKS_GetChecksum	32	static
../Core/Src/IOL_Base.c:165:9:OP_CKS_GetChecksum	40	static
../Core/Src/IOL_Base.c:222:17:IOL_StartUp_Read_MakePacket	32	static
../Core/Src/IOL_Base.c:232:17:IOL_StartUp_Write_MakePacket	24	static
../Core/Src/IOL_Base.c:241:16:IOL_State_StartUp	24	static
../Core/Src/IOL_Base.c:277:16:IOL_State_PreOP_Read_Channel	24	static
../Core/Src/IOL_Base.c:323:16:IOL_State_PreOP_Write_Channel	16	static
../Core/Src/IOL_Base.c:366:16:IOL_State_PreOP_Process	8	static
../Core/Src/IOL_Base.c:383:16:IOL_State_OP_Read_Channel	8	static
../Core/Src/IOL_Base.c:460:16:IOL_State_OP_Write_Channel	8	static
../Core/Src/IOL_Base.c:495:16:IOL_State_OP_Process	8	static
../Core/Src/IOL_Base.c:511:9:IOL_Reboot_Check	8	static
../Core/Src/IOL_Base.c:560:9:IOL_StateM_Process	8	static
../Core/Src/IOL_Base.c:585:9:IOL_Parse_Rx_data	16	static
../Core/Src/IOL_Base.c:602:6:IOL_Print_ParsingM2Ddata	24	static
