../Core/Src/IOL_ISDU.c:62:16:IOL_Get_ISDU_Iservice	24	static
../Core/Src/IOL_ISDU.c:76:16:IOL_Get_ISDU_ExtLength	24	static
../Core/Src/IOL_ISDU.c:86:16:IOL_Get_ISDU_Length	24	static
../Core/Src/IOL_ISDU.c:110:16:IOL_Get_ISDU_Index	16	static
../Core/Src/IOL_ISDU.c:127:9:IOL_Get_ISDU_WR_ODArr	16	static
../Core/Src/IOL_ISDU.c:153:9:IOL_Get_ISDU_RD_ODArr	16	static
../Core/Src/IOL_ISDU.c:176:13:IOL_Make_Resp_ProductName	8	static
../Core/Src/IOL_ISDU.c:191:13:IOL_Make_Resp_SerialNumber	8	static
../Core/Src/IOL_ISDU.c:206:13:IOL_Make_Resp_default	8	static
../Core/Src/IOL_ISDU.c:214:9:IOL_State_OP_ISDU_ReadProcess	8	static
../Core/Src/IOL_ISDU.c:249:9:IOL_State_OP_ISDU_WriteProcess	8	static
