../Core/Src/IOL_Base.c:28:16:Decode_MC_ReadWrite	24	static
../Core/Src/IOL_Base.c:47:16:Decode_MC_CommunicationChannel	24	static
../Core/Src/IOL_Base.c:71:16:Decode_MC_Address	24	static
../Core/Src/IOL_Base.c:80:16:Decode_CKT_Type	24	static
../Core/Src/IOL_Base.c:89:16:Decode_CKT_Checksum	24	static
../Core/Src/IOL_Base.c:98:16:Decode_CKS_GetChecksum	32	static
../Core/Src/IOL_Base.c:126:17:IOL_StartUp_Read_MakePacket	32	static
../Core/Src/IOL_Base.c:136:17:IOL_StartUp_Write_MakePacket	24	static
../Core/Src/IOL_Base.c:145:16:IOL_State_StartUp	24	static
../Core/Src/IOL_Base.c:182:16:IOL_State_OP_Read_Channel	4	static
../Core/Src/IOL_Base.c:211:16:IOL_State_OP_Write_Channel	4	static
../Core/Src/IOL_Base.c:240:16:IOL_State_OP_Process	8	static
../Core/Src/IOL_Base.c:256:9:IOL_Parse_Rx_data	16	static
../Core/Src/IOL_Base.c:268:6:IOL_Print_ParsingM2Ddata	24	static
