../Core/Src/IOL_ISDU.c:298:16:IOL_Get_ISDU_Iservice	24	static
../Core/Src/IOL_ISDU.c:312:16:IOL_Get_ISDU_ExtLength	24	static
../Core/Src/IOL_ISDU.c:322:16:IOL_Get_ISDU_Length	24	static
../Core/Src/IOL_ISDU.c:346:16:IOL_Get_ISDU_Index	16	static
../Core/Src/IOL_ISDU.c:375:9:IOL_Get_ISDU_WR_ODArr	16	static
../Core/Src/IOL_ISDU.c:401:9:IOL_Get_ISDU_RD_ODArr	16	static
../Core/Src/IOL_ISDU.c:424:6:IOL_Clear_PDBuffer	8	static
../Core/Src/IOL_ISDU.c:431:13:IOL_Make_Resp_ProductName	8	static
../Core/Src/IOL_ISDU.c:446:13:IOL_Make_Resp_SerialNumber	8	static
../Core/Src/IOL_ISDU.c:462:13:IOL_Make_Resp_ApplicationSpecificTag	8	static
../Core/Src/IOL_ISDU.c:477:13:IOL_Make_Resp_ProductID	8	static
../Core/Src/IOL_ISDU.c:492:13:IOL_Make_Resp_ExampleParameter	8	static
../Core/Src/IOL_ISDU.c:507:13:IOL_Make_Resp_DeviceStatus	8	static
../Core/Src/IOL_ISDU.c:522:13:IOL_Make_Resp_DetailedDeviceStatus	8	static
../Core/Src/IOL_ISDU.c:537:13:IOL_Make_Resp_VendorName	8	static
../Core/Src/IOL_ISDU.c:552:13:IOL_Make_Resp_HWRevision	8	static
../Core/Src/IOL_ISDU.c:567:13:IOL_Make_Resp_FWRevision	8	static
../Core/Src/IOL_ISDU.c:583:13:IOL_Make_Resp_PDOD	24	static
../Core/Src/IOL_ISDU.c:612:13:IOL_Make_Resp_default	8	static
../Core/Src/IOL_ISDU.c:637:13:IOL_Make_WriteRespPlus	8	static
../Core/Src/IOL_ISDU.c:646:13:IOL_Make_Resp_CHKPDU	24	static
../Core/Src/IOL_ISDU.c:679:9:IOL_State_OP_ISDU_ReadProcess	8	static
../Core/Src/IOL_ISDU.c:810:10:IOL_Get_ISDU_ParameterValue	24	static
../Core/Src/IOL_ISDU.c:842:9:IOL_State_OP_ISDU_WriteProcess	8	static
../Core/Src/IOL_ISDU.c:916:6:IOL_ParameterValue_Init	4	static
