../Core/Src/IOL_ISDU.c:252:16:IOL_Get_ISDU_Iservice	24	static
../Core/Src/IOL_ISDU.c:266:16:IOL_Get_ISDU_ExtLength	24	static
../Core/Src/IOL_ISDU.c:276:16:IOL_Get_ISDU_Length	24	static
../Core/Src/IOL_ISDU.c:300:16:IOL_Get_ISDU_Index	16	static
../Core/Src/IOL_ISDU.c:324:9:IOL_Get_ISDU_WR_ODArr	16	static
../Core/Src/IOL_ISDU.c:350:9:IOL_Get_ISDU_RD_ODArr	16	static
../Core/Src/IOL_ISDU.c:373:6:IOL_Clear_PDBuffer	8	static
../Core/Src/IOL_ISDU.c:379:13:IOL_Make_Resp_ProductName	8	static
../Core/Src/IOL_ISDU.c:394:13:IOL_Make_Resp_SerialNumber	8	static
../Core/Src/IOL_ISDU.c:410:13:IOL_Make_Resp_ApplicationSpecificTag	8	static
../Core/Src/IOL_ISDU.c:425:13:IOL_Make_Resp_ProductID	8	static
../Core/Src/IOL_ISDU.c:440:13:IOL_Make_Resp_ExampleParameter	8	static
../Core/Src/IOL_ISDU.c:455:13:IOL_Make_Resp_DeviceStatus	8	static
../Core/Src/IOL_ISDU.c:470:13:IOL_Make_Resp_DetailedDeviceStatus	8	static
../Core/Src/IOL_ISDU.c:485:13:IOL_Make_Resp_VendorName	8	static
../Core/Src/IOL_ISDU.c:500:13:IOL_Make_Resp_HWRevision	8	static
../Core/Src/IOL_ISDU.c:515:13:IOL_Make_Resp_FWRevision	8	static
../Core/Src/IOL_ISDU.c:531:13:IOL_Make_Resp_default	8	static
../Core/Src/IOL_ISDU.c:538:13:IOL_Make_WriteRespPlus	8	static
../Core/Src/IOL_ISDU.c:547:9:IOL_State_OP_ISDU_ReadProcess	8	static
../Core/Src/IOL_ISDU.c:663:9:IOL_State_OP_ISDU_WriteProcess	8	static
