../Core/Src/stm32g4xx_it.c:76:6:NMI_Handler	4	static
../Core/Src/stm32g4xx_it.c:91:6:HardFault_Handler	4	static
../Core/Src/stm32g4xx_it.c:106:6:MemManage_Handler	4	static
../Core/Src/stm32g4xx_it.c:121:6:BusFault_Handler	4	static
../Core/Src/stm32g4xx_it.c:136:6:UsageFault_Handler	4	static
../Core/Src/stm32g4xx_it.c:151:6:SVC_Handler	4	static
../Core/Src/stm32g4xx_it.c:164:6:DebugMon_Handler	4	static
../Core/Src/stm32g4xx_it.c:177:6:PendSV_Handler	4	static
../Core/Src/stm32g4xx_it.c:190:6:SysTick_Handler	8	static
../Core/Src/stm32g4xx_it.c:211:6:DMA1_Channel1_IRQHandler	8	static
../Core/Src/stm32g4xx_it.c:225:6:DMA1_Channel2_IRQHandler	8	static
../Core/Src/stm32g4xx_it.c:239:6:EXTI9_5_IRQHandler	8	static
../Core/Src/stm32g4xx_it.c:254:6:TIM1_UP_TIM16_IRQHandler	8	static
../Core/Src/stm32g4xx_it.c:268:6:USART1_IRQHandler	8	static
../Core/Src/stm32g4xx_it.c:286:6:USART2_IRQHandler	8	static
../Core/Src/stm32g4xx_it.c:299:6:HAL_TIM_PeriodElapsedCallback	16	static
../Core/Src/stm32g4xx_it.c:350:6:UART1_RxEnable	32	static,ignoring_inline_asm
../Core/Src/stm32g4xx_it.c:362:6:UART2_RxEnable	32	static,ignoring_inline_asm
../Core/Src/stm32g4xx_it.c:374:6:HAL_UARTEx_RxEventCallback	24	static
../Core/Src/stm32g4xx_it.c:419:6:HAL_UART_TxCpltCallback	16	static
