../Core/Src/stm32g4xx_it.c:73:6:NMI_Handler	4	static
../Core/Src/stm32g4xx_it.c:88:6:HardFault_Handler	4	static
../Core/Src/stm32g4xx_it.c:103:6:MemManage_Handler	4	static
../Core/Src/stm32g4xx_it.c:118:6:BusFault_Handler	4	static
../Core/Src/stm32g4xx_it.c:133:6:UsageFault_Handler	4	static
../Core/Src/stm32g4xx_it.c:148:6:SVC_Handler	4	static
../Core/Src/stm32g4xx_it.c:161:6:DebugMon_Handler	4	static
../Core/Src/stm32g4xx_it.c:174:6:PendSV_Handler	4	static
../Core/Src/stm32g4xx_it.c:187:6:SysTick_Handler	8	static
../Core/Src/stm32g4xx_it.c:208:6:DMA1_Channel1_IRQHandler	8	static
../Core/Src/stm32g4xx_it.c:222:6:USB_LP_IRQHandler	8	static
../Core/Src/stm32g4xx_it.c:236:6:EXTI9_5_IRQHandler	8	static
../Core/Src/stm32g4xx_it.c:251:6:TIM1_UP_TIM16_IRQHandler	8	static
../Core/Src/stm32g4xx_it.c:265:6:USART1_IRQHandler	8	static
../Core/Src/stm32g4xx_it.c:282:6:HAL_TIM_PeriodElapsedCallback	24	static
../Core/Src/stm32g4xx_it.c:306:6:HAL_UARTEx_RxEventCallback	40	static,ignoring_inline_asm
../Core/Src/stm32g4xx_it.c:376:6:HAL_UART_TxCpltCallback	16	static
