../Core/Src/user_uart_proc.c:46:16:Decode_CalChecksum	32	static
../Core/Src/user_uart_proc.c:112:16:Decode_CKT_GetChecksum	24	static
../Core/Src/user_uart_proc.c:134:16:Decode_CKS_GetChecksum	32	static
../Core/Src/user_uart_proc.c:193:6:Verification_CKTChecksum	16	static
../Core/Src/user_uart_proc.c:219:6:mseq_upload_master	24	static
../Core/Src/user_uart_proc.c:312:6:IOL_PageTest	24	static
../Core/Src/user_uart_proc.c:351:6:mseq_upload_device	24	static
../Core/Src/user_uart_proc.c:379:6:mseq_uploaderror_device	4	static
../Core/Src/user_uart_proc.c:384:6:mseq_display	32	static
../Core/Src/user_uart_proc.c:402:6:debug_buf_read	8	static
../Core/Src/user_uart_proc.c:429:16:Decode_MC_ReadWrite	24	static
../Core/Src/user_uart_proc.c:458:16:Print_MC_CommunicationChannel	24	static
../Core/Src/user_uart_proc.c:482:16:Decode_MC_Address	24	static
../Core/Src/user_uart_proc.c:491:16:Decode_CKT_Type	24	static
../Core/Src/user_uart_proc.c:500:16:Decode_CKT_Checksum	24	static
../Core/Src/user_uart_proc.c:509:16:Decode_CKS_EventFlag	24	static
../Core/Src/user_uart_proc.c:533:16:Decode_CKS_PDStatus	24	static
../Core/Src/user_uart_proc.c:557:16:Decode_CKS_Checksum	24	static
../Core/Src/user_uart_proc.c:566:16:Decode_CKT_AllDataChecksum	24	static
../Core/Src/user_uart_proc.c:584:16:Decode_CKS_AllDataChecksum	24	static
../Core/Src/user_uart_proc.c:604:6:Mseq_Display_PacketFrame	64	static
../Core/Src/user_uart_proc.c:649:16:UserButton_BufferClear	16	static
