../Core/Src/user_uart_proc.c:82:16:Decode_CalChecksum	32	static
../Core/Src/user_uart_proc.c:148:16:Decode_CKT_GetChecksum	24	static
../Core/Src/user_uart_proc.c:170:16:Decode_CKS_GetChecksum	32	static
../Core/Src/user_uart_proc.c:229:6:Verification_CKTChecksum	16	static
../Core/Src/user_uart_proc.c:256:16:IOL_PreOP_ReadWriteCheck	8	static
../Core/Src/user_uart_proc.c:271:16:PreOP_CKS_GetChecksum	40	static
../Core/Src/user_uart_proc.c:329:9:IOL_ISDU_GetIservice	24	static
../Core/Src/user_uart_proc.c:349:9:IOL_ISDU_GetLength	16	static
../Core/Src/user_uart_proc.c:354:9:IOL_ISDU_GetIndex	16	static
../Core/Src/user_uart_proc.c:359:9:IOL_ISDU_GetCHKPDU	16	static
../Core/Src/user_uart_proc.c:365:9:IOL_Receive_Request_OD	24	static
../Core/Src/user_uart_proc.c:376:9:IOL_MakePacket_Response_OD	16	static
../Core/Src/user_uart_proc.c:382:6:IOL_State_OP	16	static
../Core/Src/user_uart_proc.c:426:6:IOL_State_PreOP	24	static
../Core/Src/user_uart_proc.c:491:6:IOL_State_StartUp	16	static
../Core/Src/user_uart_proc.c:531:6:IOL_StartUp_Seq_Page	24	static
../Core/Src/user_uart_proc.c:591:6:IOL_PageTest	24	static
../Core/Src/user_uart_proc.c:652:6:mseq_upload_device	24	static
../Core/Src/user_uart_proc.c:680:6:mseq_uploaderror_device	4	static
../Core/Src/user_uart_proc.c:685:6:mseq_display	32	static
../Core/Src/user_uart_proc.c:703:6:debug_buf_read	8	static
../Core/Src/user_uart_proc.c:730:16:Decode_MC_ReadWrite	24	static
../Core/Src/user_uart_proc.c:759:16:Print_MC_CommunicationChannel	24	static
../Core/Src/user_uart_proc.c:783:16:Decode_MC_Address	24	static
../Core/Src/user_uart_proc.c:792:16:Decode_CKT_Type	24	static
../Core/Src/user_uart_proc.c:801:16:Decode_CKT_Checksum	24	static
../Core/Src/user_uart_proc.c:810:16:Decode_CKS_EventFlag	24	static
../Core/Src/user_uart_proc.c:834:16:Decode_CKS_PDStatus	24	static
../Core/Src/user_uart_proc.c:858:16:Decode_CKS_Checksum	24	static
../Core/Src/user_uart_proc.c:867:16:Decode_CKT_AllDataChecksum	24	static
../Core/Src/user_uart_proc.c:885:16:Decode_CKS_AllDataChecksum	24	static
../Core/Src/user_uart_proc.c:905:6:Mseq_Display_PacketFrame	64	static
../Core/Src/user_uart_proc.c:950:16:UserButton_BufferClear	16	static
