../Core/Src/user_uart_proc.c:124:16:Decode_CalChecksum	32	static
../Core/Src/user_uart_proc.c:190:16:Decode_CKT_GetChecksum	24	static
../Core/Src/user_uart_proc.c:212:16:Decode_CKS_GetChecksum	32	static
../Core/Src/user_uart_proc.c:271:6:Verification_CKTChecksum	16	static
../Core/Src/user_uart_proc.c:298:6:DirectParameter_Page1Data_Init	16	static
../Core/Src/user_uart_proc.c:326:16:IOL_PreOP_ReadWriteCheck	8	static
../Core/Src/user_uart_proc.c:341:16:PreOP_CKS_GetChecksum	40	static
../Core/Src/user_uart_proc.c:399:9:IOL_ISDU_GetIservice	24	static
../Core/Src/user_uart_proc.c:419:9:IOL_ISDU_GetLength	16	static
../Core/Src/user_uart_proc.c:424:9:IOL_ISDU_GetIndex	16	static
../Core/Src/user_uart_proc.c:429:9:IOL_ISDU_GetCHKPDU	16	static
../Core/Src/user_uart_proc.c:435:9:IOL_Receive_Request_OD	24	static
../Core/Src/user_uart_proc.c:446:9:IOL_MakePacket_Response_OD	16	static
../Core/Src/user_uart_proc.c:451:6:IOL_PD_Buffer_Clear	8	static
../Core/Src/user_uart_proc.c:457:6:IOL_ConnectToIFM_ReadDP	16	static
../Core/Src/user_uart_proc.c:474:6:IOL_State_OP	16	static
../Core/Src/user_uart_proc.c:604:6:IOL_State_PreOP	24	static
../Core/Src/user_uart_proc.c:669:6:IOL_State_StartUp	16	static
../Core/Src/user_uart_proc.c:709:6:IOL_StartUp_Seq_Page	24	static
../Core/Src/user_uart_proc.c:774:6:IOL_PageTest	24	static
../Core/Src/user_uart_proc.c:835:6:mseq_upload_device	24	static
../Core/Src/user_uart_proc.c:863:6:mseq_uploaderror_device	4	static
../Core/Src/user_uart_proc.c:868:6:mseq_display	32	static
../Core/Src/user_uart_proc.c:886:6:debug_buf_read	8	static
../Core/Src/user_uart_proc.c:913:16:Decode_MC_ReadWrite	24	static
../Core/Src/user_uart_proc.c:942:16:Print_MC_CommunicationChannel	24	static
../Core/Src/user_uart_proc.c:966:16:Decode_MC_Address	24	static
../Core/Src/user_uart_proc.c:975:16:Decode_CKT_Type	24	static
../Core/Src/user_uart_proc.c:984:16:Decode_CKT_Checksum	24	static
../Core/Src/user_uart_proc.c:993:16:Decode_CKS_EventFlag	24	static
../Core/Src/user_uart_proc.c:1017:16:Decode_CKS_PDStatus	24	static
../Core/Src/user_uart_proc.c:1041:16:Decode_CKS_Checksum	24	static
../Core/Src/user_uart_proc.c:1050:16:Decode_CKT_AllDataChecksum	24	static
../Core/Src/user_uart_proc.c:1068:16:Decode_CKS_AllDataChecksum	24	static
../Core/Src/user_uart_proc.c:1088:6:Mseq_Display_PacketFrame	64	static
../Core/Src/user_uart_proc.c:1133:16:UserButton_BufferClear	16	static
