../Core/Src/user_uart_proc.c:62:16:Decode_CalChecksum	32	static
../Core/Src/user_uart_proc.c:128:16:Decode_CKT_GetChecksum	24	static
../Core/Src/user_uart_proc.c:150:16:Decode_CKS_GetChecksum	32	static
../Core/Src/user_uart_proc.c:183:16:PreOP_CKS_GetChecksum	32	static
../Core/Src/user_uart_proc.c:224:6:Verification_CKTChecksum	16	static
../Core/Src/user_uart_proc.c:251:13:IOL_Decode_ReadWrite	16	static
../Core/Src/user_uart_proc.c:295:16:IOL_PreOP_ReadWriteCheck	8	static
../Core/Src/user_uart_proc.c:310:13:IOL_PreOP_Page_Response	16	static
../Core/Src/user_uart_proc.c:334:13:IOL_PreOP_Diagnosis_Response	16	static
../Core/Src/user_uart_proc.c:358:13:IOL_PreOP_ISDU_Response	16	static
../Core/Src/user_uart_proc.c:377:6:IOL_State_PreOP	40	static
../Core/Src/user_uart_proc.c:452:6:IOL_StartUp_Seq_Page	24	static
../Core/Src/user_uart_proc.c:476:6:IOL_PageTest	24	static
../Core/Src/user_uart_proc.c:537:6:mseq_upload_device	24	static
../Core/Src/user_uart_proc.c:565:6:mseq_uploaderror_device	4	static
../Core/Src/user_uart_proc.c:570:6:mseq_display	32	static
../Core/Src/user_uart_proc.c:588:6:debug_buf_read	8	static
../Core/Src/user_uart_proc.c:615:16:Decode_MC_ReadWrite	24	static
../Core/Src/user_uart_proc.c:644:16:Print_MC_CommunicationChannel	24	static
../Core/Src/user_uart_proc.c:668:16:Decode_MC_Address	24	static
../Core/Src/user_uart_proc.c:677:16:Decode_CKT_Type	24	static
../Core/Src/user_uart_proc.c:686:16:Decode_CKT_Checksum	24	static
../Core/Src/user_uart_proc.c:695:16:Decode_CKS_EventFlag	24	static
../Core/Src/user_uart_proc.c:719:16:Decode_CKS_PDStatus	24	static
../Core/Src/user_uart_proc.c:743:16:Decode_CKS_Checksum	24	static
../Core/Src/user_uart_proc.c:752:16:Decode_CKT_AllDataChecksum	24	static
../Core/Src/user_uart_proc.c:770:16:Decode_CKS_AllDataChecksum	24	static
../Core/Src/user_uart_proc.c:790:6:Mseq_Display_PacketFrame	64	static
../Core/Src/user_uart_proc.c:835:16:UserButton_BufferClear	16	static
