../Core/Src/user_uart_proc.c:62:16:Decode_CalChecksum	32	static
../Core/Src/user_uart_proc.c:128:16:Decode_CKT_GetChecksum	24	static
../Core/Src/user_uart_proc.c:150:16:Decode_CKS_GetChecksum	32	static
../Core/Src/user_uart_proc.c:209:6:Verification_CKTChecksum	16	static
../Core/Src/user_uart_proc.c:236:16:IOL_PreOP_ReadWriteCheck	8	static
../Core/Src/user_uart_proc.c:251:16:PreOP_CKS_GetChecksum	40	static
../Core/Src/user_uart_proc.c:327:6:IOL_State_PreOP	24	static
../Core/Src/user_uart_proc.c:387:6:IOL_State_StartUp	16	static
../Core/Src/user_uart_proc.c:427:6:IOL_StartUp_Seq_Page	24	static
../Core/Src/user_uart_proc.c:481:6:IOL_PageTest	24	static
../Core/Src/user_uart_proc.c:542:6:mseq_upload_device	24	static
../Core/Src/user_uart_proc.c:570:6:mseq_uploaderror_device	4	static
../Core/Src/user_uart_proc.c:575:6:mseq_display	32	static
../Core/Src/user_uart_proc.c:593:6:debug_buf_read	8	static
../Core/Src/user_uart_proc.c:620:16:Decode_MC_ReadWrite	24	static
../Core/Src/user_uart_proc.c:649:16:Print_MC_CommunicationChannel	24	static
../Core/Src/user_uart_proc.c:673:16:Decode_MC_Address	24	static
../Core/Src/user_uart_proc.c:682:16:Decode_CKT_Type	24	static
../Core/Src/user_uart_proc.c:691:16:Decode_CKT_Checksum	24	static
../Core/Src/user_uart_proc.c:700:16:Decode_CKS_EventFlag	24	static
../Core/Src/user_uart_proc.c:724:16:Decode_CKS_PDStatus	24	static
../Core/Src/user_uart_proc.c:748:16:Decode_CKS_Checksum	24	static
../Core/Src/user_uart_proc.c:757:16:Decode_CKT_AllDataChecksum	24	static
../Core/Src/user_uart_proc.c:775:16:Decode_CKS_AllDataChecksum	24	static
../Core/Src/user_uart_proc.c:795:6:Mseq_Display_PacketFrame	64	static
../Core/Src/user_uart_proc.c:840:16:UserButton_BufferClear	16	static
