../Core/Src/user_uart_proc.c:62:16:Decode_CalChecksum	32	static
../Core/Src/user_uart_proc.c:128:16:Decode_CKT_GetChecksum	24	static
../Core/Src/user_uart_proc.c:150:16:Decode_CKS_GetChecksum	32	static
../Core/Src/user_uart_proc.c:209:6:Verification_CKTChecksum	16	static
../Core/Src/user_uart_proc.c:236:16:IOL_PreOP_ReadWriteCheck	8	static
../Core/Src/user_uart_proc.c:251:16:PreOP_CKS_GetChecksum	32	static
../Core/Src/user_uart_proc.c:293:6:IOL_State_PreOP	24	static
../Core/Src/user_uart_proc.c:349:6:IOL_State_StartUp	16	static
../Core/Src/user_uart_proc.c:389:6:IOL_StartUp_Seq_Page	24	static
../Core/Src/user_uart_proc.c:443:6:IOL_PageTest	24	static
../Core/Src/user_uart_proc.c:504:6:mseq_upload_device	24	static
../Core/Src/user_uart_proc.c:532:6:mseq_uploaderror_device	4	static
../Core/Src/user_uart_proc.c:537:6:mseq_display	32	static
../Core/Src/user_uart_proc.c:555:6:debug_buf_read	8	static
../Core/Src/user_uart_proc.c:582:16:Decode_MC_ReadWrite	24	static
../Core/Src/user_uart_proc.c:611:16:Print_MC_CommunicationChannel	24	static
../Core/Src/user_uart_proc.c:635:16:Decode_MC_Address	24	static
../Core/Src/user_uart_proc.c:644:16:Decode_CKT_Type	24	static
../Core/Src/user_uart_proc.c:653:16:Decode_CKT_Checksum	24	static
../Core/Src/user_uart_proc.c:662:16:Decode_CKS_EventFlag	24	static
../Core/Src/user_uart_proc.c:686:16:Decode_CKS_PDStatus	24	static
../Core/Src/user_uart_proc.c:710:16:Decode_CKS_Checksum	24	static
../Core/Src/user_uart_proc.c:719:16:Decode_CKT_AllDataChecksum	24	static
../Core/Src/user_uart_proc.c:737:16:Decode_CKS_AllDataChecksum	24	static
../Core/Src/user_uart_proc.c:757:6:Mseq_Display_PacketFrame	64	static
../Core/Src/user_uart_proc.c:802:16:UserButton_BufferClear	16	static
