../Core/Src/user_uart_proc.c:50:16:Decode_CalChecksum	32	static
../Core/Src/user_uart_proc.c:116:16:Decode_CKT_GetChecksum	24	static
../Core/Src/user_uart_proc.c:138:16:Decode_CKS_GetChecksum	32	static
../Core/Src/user_uart_proc.c:197:6:Verification_CKTChecksum	16	static
../Core/Src/user_uart_proc.c:223:6:IOL_StartUp_Seq_Page	24	static
../Core/Src/user_uart_proc.c:353:6:IOL_PageTest	24	static
../Core/Src/user_uart_proc.c:414:6:mseq_upload_device	24	static
../Core/Src/user_uart_proc.c:442:6:mseq_uploaderror_device	4	static
../Core/Src/user_uart_proc.c:447:6:mseq_display	32	static
../Core/Src/user_uart_proc.c:465:6:debug_buf_read	8	static
../Core/Src/user_uart_proc.c:492:16:Decode_MC_ReadWrite	24	static
../Core/Src/user_uart_proc.c:521:16:Print_MC_CommunicationChannel	24	static
../Core/Src/user_uart_proc.c:545:16:Decode_MC_Address	24	static
../Core/Src/user_uart_proc.c:554:16:Decode_CKT_Type	24	static
../Core/Src/user_uart_proc.c:563:16:Decode_CKT_Checksum	24	static
../Core/Src/user_uart_proc.c:572:16:Decode_CKS_EventFlag	24	static
../Core/Src/user_uart_proc.c:596:16:Decode_CKS_PDStatus	24	static
../Core/Src/user_uart_proc.c:620:16:Decode_CKS_Checksum	24	static
../Core/Src/user_uart_proc.c:629:16:Decode_CKT_AllDataChecksum	24	static
../Core/Src/user_uart_proc.c:647:16:Decode_CKS_AllDataChecksum	24	static
../Core/Src/user_uart_proc.c:667:6:Mseq_Display_PacketFrame	64	static
../Core/Src/user_uart_proc.c:712:16:UserButton_BufferClear	16	static
