../Core/Src/user_uart_proc.c:103:16:Decode_CalChecksum	32	static
../Core/Src/user_uart_proc.c:169:16:Decode_CKT_GetChecksum	24	static
../Core/Src/user_uart_proc.c:191:16:Decode_CKS_GetChecksum	32	static
../Core/Src/user_uart_proc.c:250:6:Verification_CKTChecksum	16	static
../Core/Src/user_uart_proc.c:277:16:IOL_PreOP_ReadWriteCheck	8	static
../Core/Src/user_uart_proc.c:292:16:PreOP_CKS_GetChecksum	40	static
../Core/Src/user_uart_proc.c:350:9:IOL_ISDU_GetIservice	24	static
../Core/Src/user_uart_proc.c:370:9:IOL_ISDU_GetLength	16	static
../Core/Src/user_uart_proc.c:375:9:IOL_ISDU_GetIndex	16	static
../Core/Src/user_uart_proc.c:380:9:IOL_ISDU_GetCHKPDU	16	static
../Core/Src/user_uart_proc.c:386:9:IOL_Receive_Request_OD	24	static
../Core/Src/user_uart_proc.c:397:9:IOL_MakePacket_Response_OD	16	static
../Core/Src/user_uart_proc.c:402:6:IOL_PD_Buffer_Clear	8	static
../Core/Src/user_uart_proc.c:409:6:IOL_State_OP	16	static
../Core/Src/user_uart_proc.c:512:6:IOL_State_PreOP	24	static
../Core/Src/user_uart_proc.c:577:6:IOL_State_StartUp	16	static
../Core/Src/user_uart_proc.c:617:6:IOL_StartUp_Seq_Page	24	static
../Core/Src/user_uart_proc.c:677:6:IOL_PageTest	24	static
../Core/Src/user_uart_proc.c:738:6:mseq_upload_device	24	static
../Core/Src/user_uart_proc.c:766:6:mseq_uploaderror_device	4	static
../Core/Src/user_uart_proc.c:771:6:mseq_display	32	static
../Core/Src/user_uart_proc.c:789:6:debug_buf_read	8	static
../Core/Src/user_uart_proc.c:816:16:Decode_MC_ReadWrite	24	static
../Core/Src/user_uart_proc.c:845:16:Print_MC_CommunicationChannel	24	static
../Core/Src/user_uart_proc.c:869:16:Decode_MC_Address	24	static
../Core/Src/user_uart_proc.c:878:16:Decode_CKT_Type	24	static
../Core/Src/user_uart_proc.c:887:16:Decode_CKT_Checksum	24	static
../Core/Src/user_uart_proc.c:896:16:Decode_CKS_EventFlag	24	static
../Core/Src/user_uart_proc.c:920:16:Decode_CKS_PDStatus	24	static
../Core/Src/user_uart_proc.c:944:16:Decode_CKS_Checksum	24	static
../Core/Src/user_uart_proc.c:953:16:Decode_CKT_AllDataChecksum	24	static
../Core/Src/user_uart_proc.c:971:16:Decode_CKS_AllDataChecksum	24	static
../Core/Src/user_uart_proc.c:991:6:Mseq_Display_PacketFrame	64	static
../Core/Src/user_uart_proc.c:1036:16:UserButton_BufferClear	16	static
